2025-11-15 17:25:47,574 : INFO : root : Loading config.
2025-11-15 17:25:47,577 : INFO : YamlMultifileConfigLoader : Machine config file #1: config.yaml
2025-11-15 17:25:47,577 : INFO : ConfigProcessor : Loading config from cache: C:\Users\carr-\AppData\Local\Temp\23e177fce4903a9a69d69f474fa748a1.mpf_cache
2025-11-15 17:25:47,661 : WARNING : ConfigProcessor : Config file in cache changed: C:\Users\carr-\Documents\development\diehard-mpf\modes\attract\config\attract.yaml
2025-11-15 17:25:47,661 : INFO : ConfigProcessor : Loading config from file C:\Users\carr-\Documents\development\mpf080\mpf\modes\attract\config\attract.yaml.
2025-11-15 17:25:47,674 : INFO : ConfigProcessor : Loading config: C:\Users\carr-\Documents\development\mpf080\mpf\modes\attract\config\attract.yaml
2025-11-15 17:25:47,674 : INFO : ConfigProcessor : Loading config from file C:\Users\carr-\Documents\development\diehard-mpf\modes\attract\config\attract.yaml.
2025-11-15 17:25:47,676 : INFO : ConfigProcessor : Loading config: C:\Users\carr-\Documents\development\diehard-mpf\modes\attract\config\attract.yaml
2025-11-15 17:25:47,676 : INFO : ConfigProcessor : Config file cache created: C:\Users\carr-\AppData\Local\Temp\2f9bbeccf93c71693a410725897ab70d.mpf_cache
2025-11-15 17:25:47,683 : INFO : ConfigProcessor : Loading config from cache: C:\Users\carr-\AppData\Local\Temp\71986c9cb54d44e1ee87b7d4d0f68024.mpf_cache
2025-11-15 17:25:47,683 : INFO : ConfigProcessor : Loading config from cache: C:\Users\carr-\AppData\Local\Temp\2f9bbeccf93c71693a410725897ab70d.mpf_cache
2025-11-15 17:25:47,692 : INFO : ConfigProcessor : Loading config from cache: C:\Users\carr-\AppData\Local\Temp\460998002e273cec26232c9157d92984.mpf_cache
2025-11-15 17:25:47,707 : INFO : ConfigProcessor : Loading config from cache: C:\Users\carr-\AppData\Local\Temp\1113c1d20ec4e70f79a7ed8de50ab69e.mpf_cache
2025-11-15 17:25:47,710 : INFO : ConfigProcessor : Loading config from cache: C:\Users\carr-\AppData\Local\Temp\668dbdbfcbfe997663fcbdfe0871c0b4.mpf_cache
2025-11-15 17:25:47,723 : INFO : ConfigProcessor : Loading config from file C:\Users\carr-\Documents\development\diehard-mpf\shows\.\fade_led_color.yaml.
2025-11-15 17:25:47,723 : INFO : ConfigProcessor : Loading config: C:\Users\carr-\Documents\development\diehard-mpf\shows\.\fade_led_color.yaml
2025-11-15 17:25:47,723 : INFO : ConfigProcessor : Config file cache created: C:\Users\carr-\AppData\Local\Temp\5bdb9da15c9005c4036d70c7ddf4c03f.mpf_cache
2025-11-15 17:25:47,723 : INFO : ConfigProcessor : Loading config from file C:\Users\carr-\Documents\development\diehard-mpf\shows\.\fade_rgb_test.yaml.
2025-11-15 17:25:47,728 : INFO : ConfigProcessor : Loading config: C:\Users\carr-\Documents\development\diehard-mpf\shows\.\fade_rgb_test.yaml
2025-11-15 17:25:47,729 : INFO : ConfigProcessor : Config file cache created: C:\Users\carr-\AppData\Local\Temp\4ef2cae97e908c683695ed521c4a6650.mpf_cache
2025-11-15 17:25:47,729 : INFO : ConfigProcessor : Loading config from file C:\Users\carr-\Documents\development\diehard-mpf\shows\.\flicker_color.yaml.
2025-11-15 17:25:47,730 : INFO : ConfigProcessor : Loading config: C:\Users\carr-\Documents\development\diehard-mpf\shows\.\flicker_color.yaml
2025-11-15 17:25:47,730 : INFO : ConfigProcessor : Config file cache created: C:\Users\carr-\AppData\Local\Temp\3675271a3c90b9f1f0f947db698ba341.mpf_cache
2025-11-15 17:25:47,731 : INFO : Machine : Mission Pinball Framework Core Engine v0.80.0.dev6
2025-11-15 17:25:47,731 : INFO : Machine : Command line arguments: {'no_load_cache': False, 'create_config_cache': True, 'bcp': False, 'configfile': ['config.yaml'], 'force_assets_load': False, 'platform_integration_test': False, 'jsonlogging': False, 'logfile': 'logs\\2025-11-15-17-25-47-mpf-LAPTOP-99TN7EPH.log', 'pause': False, 'production': False, 'text_ui': False, 'loglevel': 15, 'consoleloglevel': 10, 'force_platform': 'smart_virtual', 'syslog_address': None, 'full_logfile_path': 'C:\\Users\\carr-\\Documents\\development\\diehard-mpf\\logs\\2025-11-15-17-25-47-mpf-LAPTOP-99TN7EPH.log'}
2025-11-15 17:25:47,731 : INFO : Machine : MPF path: C:\Users\carr-\Documents\development\mpf080\mpf
2025-11-15 17:25:47,731 : INFO : Machine : Machine path: C:\Users\carr-\Documents\development\diehard-mpf
2025-11-15 17:25:47,731 : INFO : Machine : Platform: win32
2025-11-15 17:25:47,731 : INFO : Machine : Python executable location: C:\Users\carr-\Documents\development\mpf080\mpfenv\Scripts\python.exe
2025-11-15 17:25:47,731 : INFO : Machine : Python version: 3.9.13 (64-bit)
2025-11-15 17:25:47,733 : INFO : Machine : Initializing MPF...
2025-11-15 17:25:47,925 : INFO : EventManager : Event: ======'machine_var_credits_string'====== Args={'value': 'FREE PLAY', 'prev_value': None, 'change': True}
2025-11-15 17:25:47,953 : INFO : EventManager : Event: ======'machine_var_fast_audio_headphones_volume'====== Args={'value': 10, 'prev_value': None, 'change': True}
2025-11-15 17:25:47,953 : INFO : EventManager : Event: ======'machine_var_fast_audio_main_volume'====== Args={'value': 60, 'prev_value': None, 'change': True}
2025-11-15 17:25:47,953 : INFO : EventManager : Event: ======'machine_var_master_volume'====== Args={'value': 0.5, 'prev_value': None, 'change': True}
2025-11-15 17:25:47,953 : INFO : EventManager : Event: ======'machine_var_player1_score'====== Args={'value': 17120, 'prev_value': None, 'change': True}
2025-11-15 17:25:47,953 : INFO : EventManager : Event: ======'machine_var_var_which_attract'====== Args={'value': 0, 'prev_value': None, 'change': True}
2025-11-15 17:25:47,953 : INFO : EventManager : Event: ======'machine_var_mpf_version'====== Args={'value': 'Mission Pinball Framework v0.80.0.dev6', 'prev_value': None, 'change': True}
2025-11-15 17:25:47,953 : INFO : EventManager : Event: ======'machine_var_mpf_extended_version'====== Args={'value': 'Mission Pinball Framework v0.80.0.dev6, Config version:6, Show version: 6, BCP version:1.1', 'prev_value': None, 'change': True}
2025-11-15 17:25:47,953 : INFO : EventManager : Event: ======'machine_var_python_version'====== Args={'value': '3.9.13', 'prev_value': None, 'change': True}
2025-11-15 17:25:47,978 : INFO : EventManager : Event: ======'machine_var_platform'====== Args={'value': 'Windows-10-10.0.26100-SP0', 'prev_value': None, 'change': True}
2025-11-15 17:25:47,978 : INFO : EventManager : Event: ======'machine_var_platform_system'====== Args={'value': 'Windows', 'prev_value': None, 'change': True}
2025-11-15 17:25:47,978 : INFO : EventManager : Event: ======'machine_var_platform_release'====== Args={'value': '10', 'prev_value': None, 'change': True}
2025-11-15 17:25:47,978 : INFO : EventManager : Event: ======'machine_var_platform_version'====== Args={'value': '10.0.26100', 'prev_value': None, 'change': True}
2025-11-15 17:25:47,978 : INFO : EventManager : Event: ======'machine_var_platform_machine'====== Args={'value': 'AMD64', 'prev_value': None, 'change': True}
2025-11-15 17:25:47,978 : INFO : EventManager : Event: ======'machine_var_log_file_path'====== Args={'value': 'C:\\Users\\carr-\\Documents\\development\\diehard-mpf\\logs\\2025-11-15-17-25-47-mpf-LAPTOP-99TN7EPH.log', 'prev_value': None, 'change': True}
2025-11-15 17:25:47,978 : INFO : EventManager : Event: ======'init_phase_1'====== Args={}
2025-11-15 17:25:48,030 : INFO : EventManager : Event: ======'drop_target_bank_bank_up'====== Args={}
2025-11-15 17:25:48,030 : INFO : EventManager : Event: ======'drop_target_bank_bank1_up'====== Args={}
2025-11-15 17:25:48,031 : INFO : EventManager : Event: ======'drop_target_bank_bank2_up'====== Args={}
2025-11-15 17:25:48,031 : ERROR : asyncio : Task exception was never retrieved
future: <Task finished name='Task-187' coro=<SystemWideDevice.device_added_system_wide() done, defined at C:\Users\carr-\Documents\development\mpf080\mpf\core\system_wide_device.py:15> exception=ConfigFileError('Failed to parse light number l81 in platform. See error above')>
Traceback (most recent call last):
  File "C:\Users\carr-\Documents\development\mpf080\mpf\devices\light.py", line 237, in _load_hw_drivers
    channel_list = platform.parse_light_number_to_channels(self.config['number'], self.config['subtype'])
  File "C:\Users\carr-\Documents\development\mpf080\mpf\platforms\virtual.py", line 197, in parse_light_number_to_channels
    raise AssertionError("Unknown subtype {}".format(subtype))
AssertionError: Unknown subtype led b

The above exception was the direct cause of the following exception:

Traceback (most recent call last):
  File "C:\Users\carr-\Documents\development\mpf080\mpf\core\system_wide_device.py", line 17, in device_added_system_wide
    await self._initialize()
  File "C:\Users\carr-\Documents\development\mpf080\mpf\devices\light.py", line 315, in _initialize
    self._load_hw_drivers()
  File "C:\Users\carr-\Documents\development\mpf080\mpf\devices\light.py", line 239, in _load_hw_drivers
    self.raise_config_error("Failed to parse light number {} in platform. See error above".
  File "C:\Users\carr-\Documents\development\mpf080\mpf\core\logging.py", line 175, in raise_config_error
    raise ConfigFileError(msg, error_no, self.log.name if self.log else "", context, self._url_base) \
mpf.exceptions.config_file_error.ConfigFileError: Config File Error in light.l81: Failed to parse light number l81 in platform. See error above Error Code: CFE-light-4 (https://missionpinball.org/logs)
2025-11-15 17:25:48,079 : INFO : EventManager : Event: ======'init_phase_2'====== Args={}
2025-11-15 17:25:48,079 : INFO : Machine : Starting the main run loop with active modes: []
2025-11-15 17:25:48,079 : WARNING : Machine : Attract mode is not active, game will not be playable. Please check your attract mode configuration.
2025-11-15 17:25:48,079 : INFO : Machine : Shutting down...
2025-11-15 17:25:48,079 : INFO : EventManager : Event: ======'shutdown'====== Args={}
2025-11-15 17:25:48,079 : INFO : SwitchController : Found active switch: ('d-29', <Platform.SmartVirtual>) <switch.s_trough1>
2025-11-15 17:25:48,079 : INFO : SwitchController : Found active switch: ('d-24', <Platform.SmartVirtual>) <switch.s_trough2>
2025-11-15 17:25:48,079 : INFO : SwitchController : Found active switch: ('d-25', <Platform.SmartVirtual>) <switch.s_trough3>
2025-11-15 17:25:48,079 : INFO : SwitchController : Found active switch: ('d-26', <Platform.SmartVirtual>) <switch.s_trough4>
2025-11-15 17:25:48,079 : INFO : SwitchController : Found active switch: ('d-27', <Platform.SmartVirtual>) <switch.s_trough5>
2025-11-15 17:25:48,079 : INFO : SwitchController : Found active switch: ('d-28', <Platform.SmartVirtual>) <switch.s_trough6>
2025-11-15 17:25:48,079 : INFO : ball_device.bd_trough : BCH: Initial count: 6
2025-11-15 17:25:48,079 : INFO : ball_device.bd_trough : State: idle
2025-11-15 17:25:48,079 : INFO : ball_device.bd_plunger : BCH: Initial count: 0
2025-11-15 17:25:48,079 : INFO : ball_device.bd_plunger : State: idle
2025-11-15 17:25:48,079 : INFO : ball_device.kickervault1_eject : BCH: Initial count: 0
2025-11-15 17:25:48,079 : INFO : ball_device.kickervault1_eject : State: idle
2025-11-15 17:25:48,079 : INFO : ball_device.rightkicker : BCH: Initial count: 0
2025-11-15 17:25:48,079 : INFO : ball_device.rightkicker : State: idle
2025-11-15 17:25:48,079 : INFO : ball_device.UrampUp001 : BCH: Initial count: 0
2025-11-15 17:25:48,079 : INFO : ball_device.UrampUp001 : State: idle
2025-11-15 17:25:48,079 : INFO : ball_device.rightvuk : BCH: Initial count: 0
2025-11-15 17:25:48,079 : INFO : ball_device.rightvuk : State: idle
2025-11-15 17:25:48,079 : INFO : ball_device.towervuk : BCH: Initial count: 0
2025-11-15 17:25:48,079 : INFO : ball_device.towervuk : State: idle
2025-11-15 17:25:48,079 : INFO : ball_device.airplane : BCH: Initial count: 0
2025-11-15 17:25:48,079 : INFO : ball_device.airplane : State: idle
2025-11-15 17:25:48,101 : INFO : EventManager : Event: ======'init_phase_3'====== Args={}
2025-11-15 17:25:48,103 : INFO : EventManager : Event: ======'init_phase_4'====== Args={}
2025-11-15 17:25:48,103 : INFO : BallController : Initial balls found: 6
2025-11-15 17:25:48,105 : ERROR : asyncio : Exception in callback EventManager._queue_task_done(<Task finishe...<light.l76>")>)
handle: <Handle EventManager._queue_task_done(<Task finishe...<light.l76>")>)>
Traceback (most recent call last):
  File "C:\Users\carr-\AppData\Local\Programs\Python\Python39\lib\asyncio\events.py", line 80, in _run
    self._context.run(self._callback, *self._args)
  File "C:\Users\carr-\Documents\development\mpf080\mpf\core\events.py", line 795, in _queue_task_done
    future.result()
  File "C:\Users\carr-\Documents\development\mpf080\mpf\core\events.py", line 708, in _run_handlers_sequential
    handler.callback(queue=queue, **merged_kwargs)
  File "C:\Users\carr-\Documents\development\mpf080\mpf\devices\light.py", line 136, in _check_duplicate_light_numbers
    raise ConfigFileError(f"Duplicate number {type(driver)} {driver.number} for light {light}",
mpf.exceptions.config_file_error.ConfigFileError: Config File Error in light: Duplicate number <class 'mpf.platforms.virtual.VirtualLight'> led-playfield-1-31-r for light <light.l76> Context: (None, 'led-playfield-1-31-r', <class 'mpf.platforms.virtual.VirtualLight'>) Error Code: CFE-light-10 (https://missionpinball.org/logs)
2025-11-15 17:25:49,078 : ERROR : asyncio : Task was destroyed but it is pending!
task: <Task pending name='Task-335' coro=<IocpProactor.accept.<locals>.accept_coro() running at C:\Users\carr-\AppData\Local\Programs\Python\Python39\lib\asyncio\windows_events.py:571> wait_for=<_OverlappedFuture cancelled>>
2025-11-15 17:25:49,078 : ERROR : Machine : Runtime Exception
Traceback (most recent call last):
  File "C:\Users\carr-\Documents\development\mpf080\mpf\devices\light.py", line 237, in _load_hw_drivers
    channel_list = platform.parse_light_number_to_channels(self.config['number'], self.config['subtype'])
  File "C:\Users\carr-\Documents\development\mpf080\mpf\platforms\virtual.py", line 197, in parse_light_number_to_channels
    raise AssertionError("Unknown subtype {}".format(subtype))
AssertionError: Unknown subtype led b

The above exception was the direct cause of the following exception:

Traceback (most recent call last):
  File "C:\Users\carr-\Documents\development\mpf080\mpf\core\machine.py", line 808, in _run_loop
    raise self._exception['exception']
  File "C:\Users\carr-\Documents\development\mpf080\mpf\core\system_wide_device.py", line 17, in device_added_system_wide
    await self._initialize()
  File "C:\Users\carr-\Documents\development\mpf080\mpf\devices\light.py", line 315, in _initialize
    self._load_hw_drivers()
  File "C:\Users\carr-\Documents\development\mpf080\mpf\devices\light.py", line 239, in _load_hw_drivers
    self.raise_config_error("Failed to parse light number {} in platform. See error above".
  File "C:\Users\carr-\Documents\development\mpf080\mpf\core\logging.py", line 175, in raise_config_error
    raise ConfigFileError(msg, error_no, self.log.name if self.log else "", context, self._url_base) \
mpf.exceptions.config_file_error.ConfigFileError: Config File Error in light.l81: Failed to parse light number l81 in platform. See error above Error Code: CFE-light-4 (https://missionpinball.org/logs)
2025-11-15 17:25:49,093 : INFO : root : MPF run loop ended.
