2025-05-20 18:57:07,227 : INFO : root : Loading config.
2025-05-20 18:57:07,237 : INFO : YamlMultifileConfigLoader : Machine config file #1: config.yaml
2025-05-20 18:57:07,238 : INFO : ConfigProcessor : Loading config from cache: C:\Users\carr-\AppData\Local\Temp\23e177fce4903a9a69d69f474fa748a1.mpf_cache
2025-05-20 18:57:07,247 : WARNING : ConfigProcessor : Config file in cache changed: C:\Users\carr-\Documents\development\diehard-mpf\config\switches.yaml
2025-05-20 18:57:07,247 : INFO : ConfigProcessor : Loading config from file C:\Users\carr-\Documents\development\mpf080\mpf\mpfconfig.yaml.
2025-05-20 18:57:07,264 : INFO : ConfigProcessor : Loading config: C:\Users\carr-\Documents\development\mpf080\mpf\mpfconfig.yaml
2025-05-20 18:57:07,265 : INFO : ConfigProcessor : Loading config from file C:\Users\carr-\Documents\development\diehard-mpf\config\config.yaml.
2025-05-20 18:57:07,276 : INFO : ConfigProcessor : Loading config: C:\Users\carr-\Documents\development\diehard-mpf\config\config.yaml
2025-05-20 18:57:07,287 : INFO : ConfigProcessor : Loading config: C:\Users\carr-\Documents\development\diehard-mpf\config\switches.yaml
2025-05-20 18:57:07,295 : INFO : ConfigProcessor : Loading config: C:\Users\carr-\Documents\development\diehard-mpf\config\ball_devices.yaml
2025-05-20 18:57:07,305 : INFO : ConfigProcessor : Loading config: C:\Users\carr-\Documents\development\diehard-mpf\config\coils.yaml
2025-05-20 18:57:07,321 : INFO : ConfigProcessor : Loading config: C:\Users\carr-\Documents\development\diehard-mpf\config\lights.yaml
2025-05-20 18:57:07,332 : INFO : ConfigProcessor : Loading config: C:\Users\carr-\Documents\development\diehard-mpf\config\shot_profiles.yaml
2025-05-20 18:57:07,334 : INFO : ConfigProcessor : Config file cache created: C:\Users\carr-\AppData\Local\Temp\23e177fce4903a9a69d69f474fa748a1.mpf_cache
2025-05-20 18:57:07,426 : INFO : ConfigProcessor : Loading config from cache: C:\Users\carr-\AppData\Local\Temp\2f9bbeccf93c71693a410725897ab70d.mpf_cache
2025-05-20 18:57:07,433 : INFO : ConfigProcessor : Loading config from cache: C:\Users\carr-\AppData\Local\Temp\71986c9cb54d44e1ee87b7d4d0f68024.mpf_cache
2025-05-20 18:57:07,440 : WARNING : ConfigProcessor : Config file in cache changed: C:\Users\carr-\Documents\development\diehard-mpf\modes\base\config\base.yaml
2025-05-20 18:57:07,440 : INFO : ConfigProcessor : Loading config from file C:\Users\carr-\Documents\development\diehard-mpf\modes\base\config\base.yaml.
2025-05-20 18:57:07,442 : INFO : ConfigProcessor : Loading config: C:\Users\carr-\Documents\development\diehard-mpf\modes\base\config\base.yaml
2025-05-20 18:57:07,442 : INFO : ConfigProcessor : Config file cache created: C:\Users\carr-\AppData\Local\Temp\460998002e273cec26232c9157d92984.mpf_cache
2025-05-20 18:57:07,443 : INFO : ConfigProcessor : Loading config from cache: C:\Users\carr-\AppData\Local\Temp\668dbdbfcbfe997663fcbdfe0871c0b4.mpf_cache
2025-05-20 18:57:07,451 : INFO : ConfigProcessor : Loading config from cache: C:\Users\carr-\AppData\Local\Temp\6a4847c7210b75a304ae3e1d0e125b6a.mpf_cache
2025-05-20 18:57:07,462 : INFO : ConfigProcessor : Loading config from cache: C:\Users\carr-\AppData\Local\Temp\5bdb9da15c9005c4036d70c7ddf4c03f.mpf_cache
2025-05-20 18:57:07,470 : INFO : ConfigProcessor : Loading config from cache: C:\Users\carr-\AppData\Local\Temp\4ef2cae97e908c683695ed521c4a6650.mpf_cache
2025-05-20 18:57:07,477 : INFO : ConfigProcessor : Loading config from cache: C:\Users\carr-\AppData\Local\Temp\3675271a3c90b9f1f0f947db698ba341.mpf_cache
2025-05-20 18:57:07,485 : INFO : Machine : Mission Pinball Framework Core Engine v0.80.0.dev6
2025-05-20 18:57:07,485 : INFO : Machine : Command line arguments: {'no_load_cache': False, 'create_config_cache': True, 'bcp': False, 'configfile': ['config.yaml'], 'force_assets_load': False, 'platform_integration_test': False, 'jsonlogging': False, 'logfile': 'logs\\2025-05-20-18-57-07-mpf-LAPTOP-99TN7EPH.log', 'pause': False, 'production': False, 'text_ui': False, 'loglevel': 15, 'consoleloglevel': 10, 'force_platform': None, 'syslog_address': None, 'full_logfile_path': 'C:\\Users\\carr-\\Documents\\development\\diehard-mpf\\logs\\2025-05-20-18-57-07-mpf-LAPTOP-99TN7EPH.log'}
2025-05-20 18:57:07,485 : INFO : Machine : MPF path: C:\Users\carr-\Documents\development\mpf080\mpf
2025-05-20 18:57:07,485 : INFO : Machine : Machine path: C:\Users\carr-\Documents\development\diehard-mpf
2025-05-20 18:57:07,485 : INFO : Machine : Platform: win32
2025-05-20 18:57:07,485 : INFO : Machine : Python executable location: C:\Users\carr-\Documents\development\mpf080\mpfenv\Scripts\python.exe
2025-05-20 18:57:07,486 : INFO : Machine : Python version: 3.9.13 (64-bit)
2025-05-20 18:57:07,488 : INFO : Machine : Initializing MPF...
2025-05-20 18:57:07,712 : INFO : FAST : Auto-detecting ports for the following connections: ['net', 'aud']
2025-05-20 18:57:07,832 : ERROR : FAST [NET] : Failed to connect to any of the specified ports.
2025-05-20 18:57:07,832 : INFO : Machine : Shutting down...
2025-05-20 18:57:07,832 : INFO : EventManager : Event: ======'shutdown'====== Args={}
2025-05-20 18:57:07,938 : ERROR : Machine : Failed to initialize MPF
Traceback (most recent call last):
  File "C:\Users\carr-\Documents\development\mpf080\mpf\platforms\fast\fast.py", line 277, in _connect_to_hardware
    await communicator.connect()
  File "C:\Users\carr-\Documents\development\mpf080\mpf\platforms\fast\communicators\base.py", line 114, in connect
    raise SerialException(f"{self} could not connect to a serial port. Is it open in CoolTerm? ;)")
serial.serialutil.SerialException: [FAST NET] could not connect to a serial port. Is it open in CoolTerm? ;)

The above exception was the direct cause of the following exception:

Traceback (most recent call last):
  File "C:\Users\carr-\Documents\development\mpf080\mpf\core\machine.py", line 686, in initialize_mpf
    raise init.exception()
  File "C:\Users\carr-\Documents\development\mpf080\mpf\core\machine.py", line 248, in initialize
    await self.initialize_core_and_hardware()
  File "C:\Users\carr-\Documents\development\mpf080\mpf\core\machine.py", line 244, in initialize_core_and_hardware
    await self._initialize_platforms()
  File "C:\Users\carr-\Documents\development\mpf080\mpf\core\machine.py", line 334, in _initialize_platforms
    result.result()
  File "C:\Users\carr-\Documents\development\mpf080\mpf\platforms\fast\fast.py", line 123, in initialize
    await self._connect_to_hardware()
  File "C:\Users\carr-\Documents\development\mpf080\mpf\platforms\fast\fast.py", line 284, in _connect_to_hardware
    raise MpfRuntimeError(f"Could not open serial port {port}. Is something else connected to the port? "
mpf.exceptions.runtime_error.MpfRuntimeError: Runtime Error in FAST: Could not open serial port net. Is something else connected to the port? Did the port number or your computer change? Do you have permissions to access the port? Error Code: RE-FAST-1 (https://missionpinball.org/logs)
2025-05-20 18:57:07,981 : INFO : root : MPF run loop ended.
