2025-11-19 18:11:28,915 : INFO : root : Loading config.
2025-11-19 18:11:28,919 : INFO : YamlMultifileConfigLoader : Machine config file #1: config.yaml
2025-11-19 18:11:28,920 : INFO : ConfigProcessor : Loading config from cache: C:\Users\carr-\AppData\Local\Temp\23e177fce4903a9a69d69f474fa748a1.mpf_cache
2025-11-19 18:11:29,025 : INFO : ConfigProcessor : Loading config from cache: C:\Users\carr-\AppData\Local\Temp\2f9bbeccf93c71693a410725897ab70d.mpf_cache
2025-11-19 18:11:29,025 : INFO : ConfigProcessor : Loading config from cache: C:\Users\carr-\AppData\Local\Temp\71986c9cb54d44e1ee87b7d4d0f68024.mpf_cache
2025-11-19 18:11:29,027 : INFO : ConfigProcessor : Loading config from cache: C:\Users\carr-\AppData\Local\Temp\2f9bbeccf93c71693a410725897ab70d.mpf_cache
2025-11-19 18:11:29,028 : INFO : ConfigProcessor : Loading config from cache: C:\Users\carr-\AppData\Local\Temp\460998002e273cec26232c9157d92984.mpf_cache
2025-11-19 18:11:29,046 : INFO : ConfigProcessor : Loading config from cache: C:\Users\carr-\AppData\Local\Temp\1113c1d20ec4e70f79a7ed8de50ab69e.mpf_cache
2025-11-19 18:11:29,060 : INFO : ConfigProcessor : Loading config from cache: C:\Users\carr-\AppData\Local\Temp\668dbdbfcbfe997663fcbdfe0871c0b4.mpf_cache
2025-11-19 18:11:29,078 : INFO : ConfigProcessor : Loading config from cache: C:\Users\carr-\AppData\Local\Temp\6a4847c7210b75a304ae3e1d0e125b6a.mpf_cache
2025-11-19 18:11:29,110 : INFO : ConfigProcessor : Loading config from cache: C:\Users\carr-\AppData\Local\Temp\5bdb9da15c9005c4036d70c7ddf4c03f.mpf_cache
2025-11-19 18:11:29,125 : INFO : ConfigProcessor : Loading config from cache: C:\Users\carr-\AppData\Local\Temp\4ef2cae97e908c683695ed521c4a6650.mpf_cache
2025-11-19 18:11:29,141 : INFO : ConfigProcessor : Loading config from file C:\Users\carr-\Documents\development\diehard-mpf\shows\.\flash_left_bumper.yaml.
2025-11-19 18:11:29,160 : INFO : ConfigProcessor : Loading config: C:\Users\carr-\Documents\development\diehard-mpf\shows\.\flash_left_bumper.yaml
2025-11-19 18:11:29,161 : INFO : ConfigProcessor : Config file cache created: C:\Users\carr-\AppData\Local\Temp\3fafba5daebe73845f095f892a673873.mpf_cache
2025-11-19 18:11:29,162 : INFO : ConfigProcessor : Loading config from file C:\Users\carr-\Documents\development\diehard-mpf\shows\.\flash_right_bumper.yaml.
2025-11-19 18:11:29,177 : INFO : ConfigProcessor : Loading config: C:\Users\carr-\Documents\development\diehard-mpf\shows\.\flash_right_bumper.yaml
2025-11-19 18:11:29,178 : INFO : ConfigProcessor : Config file cache created: C:\Users\carr-\AppData\Local\Temp\c01a61b73c292b8700a32cafeda2e6a0.mpf_cache
2025-11-19 18:11:29,178 : WARNING : ConfigProcessor : Config file in cache changed: C:\Users\carr-\Documents\development\diehard-mpf\shows\.\flicker_color.yaml
2025-11-19 18:11:29,179 : INFO : ConfigProcessor : Loading config from file C:\Users\carr-\Documents\development\diehard-mpf\shows\.\flicker_color.yaml.
2025-11-19 18:11:29,192 : INFO : ConfigProcessor : Loading config: C:\Users\carr-\Documents\development\diehard-mpf\shows\.\flicker_color.yaml
2025-11-19 18:11:29,192 : INFO : ConfigProcessor : Config file cache created: C:\Users\carr-\AppData\Local\Temp\3675271a3c90b9f1f0f947db698ba341.mpf_cache
2025-11-19 18:11:29,194 : INFO : Machine : Mission Pinball Framework Core Engine v0.80.0.dev6
2025-11-19 18:11:29,194 : INFO : Machine : Command line arguments: {'no_load_cache': False, 'create_config_cache': True, 'bcp': False, 'configfile': ['config.yaml'], 'force_assets_load': False, 'platform_integration_test': False, 'jsonlogging': False, 'logfile': 'logs\\2025-11-19-18-11-28-mpf-LAPTOP-99TN7EPH.log', 'pause': False, 'production': False, 'text_ui': False, 'loglevel': 15, 'consoleloglevel': 10, 'force_platform': 'smart_virtual', 'syslog_address': None, 'full_logfile_path': 'C:\\Users\\carr-\\Documents\\development\\diehard-mpf\\logs\\2025-11-19-18-11-28-mpf-LAPTOP-99TN7EPH.log'}
2025-11-19 18:11:29,195 : INFO : Machine : MPF path: C:\Users\carr-\Documents\development\mpf080\mpf
2025-11-19 18:11:29,195 : INFO : Machine : Machine path: C:\Users\carr-\Documents\development\diehard-mpf
2025-11-19 18:11:29,195 : INFO : Machine : Platform: win32
2025-11-19 18:11:29,195 : INFO : Machine : Python executable location: C:\Users\carr-\Documents\development\mpf080\mpfenv\Scripts\python.exe
2025-11-19 18:11:29,195 : INFO : Machine : Python version: 3.9.13 (64-bit)
2025-11-19 18:11:29,199 : INFO : Machine : Initializing MPF...
2025-11-19 18:11:29,474 : INFO : EventManager : Event: ======'machine_var_credits_string'====== Args={'value': 'FREE PLAY', 'prev_value': None, 'change': True}
2025-11-19 18:11:29,498 : INFO : EventManager : Event: ======'machine_var_fast_audio_headphones_volume'====== Args={'value': 10, 'prev_value': None, 'change': True}
2025-11-19 18:11:29,498 : INFO : EventManager : Event: ======'machine_var_fast_audio_main_volume'====== Args={'value': 60, 'prev_value': None, 'change': True}
2025-11-19 18:11:29,499 : INFO : EventManager : Event: ======'machine_var_master_volume'====== Args={'value': 0.5, 'prev_value': None, 'change': True}
2025-11-19 18:11:29,499 : INFO : EventManager : Event: ======'machine_var_player1_score'====== Args={'value': 17120, 'prev_value': None, 'change': True}
2025-11-19 18:11:29,499 : INFO : EventManager : Event: ======'machine_var_var_which_attract'====== Args={'value': 0, 'prev_value': None, 'change': True}
2025-11-19 18:11:29,499 : INFO : EventManager : Event: ======'machine_var_mpf_version'====== Args={'value': 'Mission Pinball Framework v0.80.0.dev6', 'prev_value': None, 'change': True}
2025-11-19 18:11:29,499 : INFO : EventManager : Event: ======'machine_var_mpf_extended_version'====== Args={'value': 'Mission Pinball Framework v0.80.0.dev6, Config version:6, Show version: 6, BCP version:1.1', 'prev_value': None, 'change': True}
2025-11-19 18:11:29,499 : INFO : EventManager : Event: ======'machine_var_python_version'====== Args={'value': '3.9.13', 'prev_value': None, 'change': True}
2025-11-19 18:11:29,538 : INFO : EventManager : Event: ======'machine_var_platform'====== Args={'value': 'Windows-10-10.0.26100-SP0', 'prev_value': None, 'change': True}
2025-11-19 18:11:29,538 : INFO : EventManager : Event: ======'machine_var_platform_system'====== Args={'value': 'Windows', 'prev_value': None, 'change': True}
2025-11-19 18:11:29,538 : INFO : EventManager : Event: ======'machine_var_platform_release'====== Args={'value': '10', 'prev_value': None, 'change': True}
2025-11-19 18:11:29,538 : INFO : EventManager : Event: ======'machine_var_platform_version'====== Args={'value': '10.0.26100', 'prev_value': None, 'change': True}
2025-11-19 18:11:29,538 : INFO : EventManager : Event: ======'machine_var_platform_machine'====== Args={'value': 'AMD64', 'prev_value': None, 'change': True}
2025-11-19 18:11:29,538 : INFO : EventManager : Event: ======'machine_var_log_file_path'====== Args={'value': 'C:\\Users\\carr-\\Documents\\development\\diehard-mpf\\logs\\2025-11-19-18-11-28-mpf-LAPTOP-99TN7EPH.log', 'prev_value': None, 'change': True}
2025-11-19 18:11:29,538 : INFO : EventManager : Event: ======'init_phase_1'====== Args={}
2025-11-19 18:11:29,617 : INFO : EventManager : Event: ======'drop_target_bank_bank_up'====== Args={}
2025-11-19 18:11:29,617 : INFO : EventManager : Event: ======'drop_target_bank_bank1_up'====== Args={}
2025-11-19 18:11:29,617 : INFO : EventManager : Event: ======'drop_target_bank_bank2_up'====== Args={}
2025-11-19 18:11:29,618 : INFO : EventManager : Event: ======'init_phase_2'====== Args={}
2025-11-19 18:11:29,619 : INFO : SwitchController : Found active switch: ('d-29', <Platform.SmartVirtual>) <switch.s_trough1>
2025-11-19 18:11:29,619 : INFO : SwitchController : Found active switch: ('d-24', <Platform.SmartVirtual>) <switch.s_trough2>
2025-11-19 18:11:29,619 : INFO : SwitchController : Found active switch: ('d-25', <Platform.SmartVirtual>) <switch.s_trough3>
2025-11-19 18:11:29,619 : INFO : SwitchController : Found active switch: ('d-26', <Platform.SmartVirtual>) <switch.s_trough4>
2025-11-19 18:11:29,619 : INFO : SwitchController : Found active switch: ('d-27', <Platform.SmartVirtual>) <switch.s_trough5>
2025-11-19 18:11:29,619 : INFO : SwitchController : Found active switch: ('d-28', <Platform.SmartVirtual>) <switch.s_trough6>
2025-11-19 18:11:29,626 : INFO : ball_device.bd_trough : BCH: Initial count: 6
2025-11-19 18:11:29,626 : INFO : ball_device.bd_trough : State: idle
2025-11-19 18:11:29,627 : INFO : ball_device.bd_plunger : BCH: Initial count: 0
2025-11-19 18:11:29,627 : INFO : ball_device.bd_plunger : State: idle
2025-11-19 18:11:29,627 : INFO : ball_device.kickervault1_eject : BCH: Initial count: 0
2025-11-19 18:11:29,627 : INFO : ball_device.kickervault1_eject : State: idle
2025-11-19 18:11:29,628 : INFO : ball_device.rightkicker : BCH: Initial count: 0
2025-11-19 18:11:29,628 : INFO : ball_device.rightkicker : State: idle
2025-11-19 18:11:29,628 : INFO : ball_device.UrampUp001 : BCH: Initial count: 0
2025-11-19 18:11:29,628 : INFO : ball_device.UrampUp001 : State: idle
2025-11-19 18:11:29,628 : INFO : ball_device.rightvuk : BCH: Initial count: 0
2025-11-19 18:11:29,629 : INFO : ball_device.rightvuk : State: idle
2025-11-19 18:11:29,629 : INFO : ball_device.towervuk : BCH: Initial count: 0
2025-11-19 18:11:29,629 : INFO : ball_device.towervuk : State: idle
2025-11-19 18:11:29,629 : INFO : ball_device.airplane : BCH: Initial count: 0
2025-11-19 18:11:29,629 : INFO : ball_device.airplane : State: idle
2025-11-19 18:11:29,651 : INFO : EventManager : Event: ======'init_phase_3'====== Args={}
2025-11-19 18:11:29,700 : INFO : EventManager : Event: ======'init_phase_4'====== Args={}
2025-11-19 18:11:29,701 : INFO : BallController : Initial balls found: 6
2025-11-19 18:11:29,703 : INFO : EventManager : Event: ======'machine_var_audits_events_game_ended'====== Args={'value': 20, 'prev_value': None, 'change': True}
2025-11-19 18:11:29,703 : INFO : EventManager : Event: ======'machine_var_audits_events_game_started'====== Args={'value': 81, 'prev_value': None, 'change': True}
2025-11-19 18:11:29,703 : INFO : EventManager : Event: ======'machine_var_audits_missing_switches_s_AirDuctEnter001'====== Args={'value': 2, 'prev_value': None, 'change': True}
2025-11-19 18:11:29,704 : INFO : EventManager : Event: ======'machine_var_audits_missing_switches_s_TrPF1'====== Args={'value': 3, 'prev_value': None, 'change': True}
2025-11-19 18:11:29,704 : INFO : EventManager : Event: ======'machine_var_audits_missing_switches_s_TrPF2'====== Args={'value': 3, 'prev_value': None, 'change': True}
2025-11-19 18:11:29,704 : INFO : EventManager : Event: ======'machine_var_audits_missing_switches_s_TrPF3'====== Args={'value': 3, 'prev_value': None, 'change': True}
2025-11-19 18:11:29,704 : INFO : EventManager : Event: ======'machine_var_audits_missing_switches_s_UrampUp001'====== Args={'value': 3, 'prev_value': None, 'change': True}
2025-11-19 18:11:29,704 : INFO : EventManager : Event: ======'machine_var_audits_missing_switches_s_airplane'====== Args={'value': 1, 'prev_value': None, 'change': True}
2025-11-19 18:11:29,704 : INFO : EventManager : Event: ======'machine_var_audits_missing_switches_s_bottom_left_inner_drain'====== Args={'value': 1, 'prev_value': None, 'change': True}
2025-11-19 18:11:29,704 : INFO : EventManager : Event: ======'machine_var_audits_missing_switches_s_bottom_left_outer_drain'====== Args={'value': 2, 'prev_value': None, 'change': True}
2025-11-19 18:11:29,704 : INFO : EventManager : Event: ======'machine_var_audits_missing_switches_s_bottom_right_inner_drain'====== Args={'value': 1, 'prev_value': None, 'change': True}
2025-11-19 18:11:29,704 : INFO : EventManager : Event: ======'machine_var_audits_missing_switches_s_captiveball'====== Args={'value': 3, 'prev_value': None, 'change': True}
2025-11-19 18:11:29,704 : INFO : EventManager : Event: ======'machine_var_audits_missing_switches_s_door'====== Args={'value': 4, 'prev_value': None, 'change': True}
2025-11-19 18:11:29,704 : INFO : EventManager : Event: ======'machine_var_audits_missing_switches_s_door_tilt'====== Args={'value': 4, 'prev_value': None, 'change': True}
2025-11-19 18:11:29,704 : INFO : EventManager : Event: ======'machine_var_audits_missing_switches_s_drop_target_1'====== Args={'value': 3, 'prev_value': None, 'change': True}
2025-11-19 18:11:29,704 : INFO : EventManager : Event: ======'machine_var_audits_missing_switches_s_drop_target_2'====== Args={'value': 3, 'prev_value': None, 'change': True}
2025-11-19 18:11:29,704 : INFO : EventManager : Event: ======'machine_var_audits_missing_switches_s_drop_target_3'====== Args={'value': 2, 'prev_value': None, 'change': True}
2025-11-19 18:11:29,704 : INFO : EventManager : Event: ======'machine_var_audits_missing_switches_s_enter'====== Args={'value': 81, 'prev_value': None, 'change': True}
2025-11-19 18:11:29,704 : INFO : EventManager : Event: ======'machine_var_audits_missing_switches_s_escape'====== Args={'value': 81, 'prev_value': None, 'change': True}
2025-11-19 18:11:29,704 : INFO : EventManager : Event: ======'machine_var_audits_missing_switches_s_fire'====== Args={'value': 2, 'prev_value': None, 'change': True}
2025-11-19 18:11:29,704 : INFO : EventManager : Event: ======'machine_var_audits_missing_switches_s_highvuk'====== Args={'value': 3, 'prev_value': None, 'change': True}
2025-11-19 18:11:29,704 : INFO : EventManager : Event: ======'machine_var_audits_missing_switches_s_holly_h'====== Args={'value': 2, 'prev_value': None, 'change': True}
2025-11-19 18:11:29,704 : INFO : EventManager : Event: ======'machine_var_audits_missing_switches_s_holly_l'====== Args={'value': 2, 'prev_value': None, 'change': True}
2025-11-19 18:11:29,704 : INFO : EventManager : Event: ======'machine_var_audits_missing_switches_s_holly_l1'====== Args={'value': 1, 'prev_value': None, 'change': True}
2025-11-19 18:11:29,704 : INFO : EventManager : Event: ======'machine_var_audits_missing_switches_s_holly_l_1'====== Args={'value': 3, 'prev_value': None, 'change': True}
2025-11-19 18:11:29,704 : INFO : EventManager : Event: ======'machine_var_audits_missing_switches_s_holly_o'====== Args={'value': 2, 'prev_value': None, 'change': True}
2025-11-19 18:11:29,704 : INFO : EventManager : Event: ======'machine_var_audits_missing_switches_s_holly_y'====== Args={'value': 2, 'prev_value': None, 'change': True}
2025-11-19 18:11:29,704 : INFO : EventManager : Event: ======'machine_var_audits_missing_switches_s_kickervault1'====== Args={'value': 3, 'prev_value': None, 'change': True}
2025-11-19 18:11:29,704 : INFO : EventManager : Event: ======'machine_var_audits_missing_switches_s_left_coin'====== Args={'value': 81, 'prev_value': None, 'change': True}
2025-11-19 18:11:29,704 : INFO : EventManager : Event: ======'machine_var_audits_missing_switches_s_left_flipper'====== Args={'value': 2, 'prev_value': None, 'change': True}
2025-11-19 18:11:29,704 : INFO : EventManager : Event: ======'machine_var_audits_missing_switches_s_left_flipper_eos'====== Args={'value': 2, 'prev_value': None, 'change': True}
2025-11-19 18:11:29,704 : INFO : EventManager : Event: ======'machine_var_audits_missing_switches_s_left_inlane'====== Args={'value': 24, 'prev_value': None, 'change': True}
2025-11-19 18:11:29,704 : INFO : EventManager : Event: ======'machine_var_audits_missing_switches_s_left_magna'====== Args={'value': 1, 'prev_value': None, 'change': True}
2025-11-19 18:11:29,704 : INFO : EventManager : Event: ======'machine_var_audits_missing_switches_s_left_orbit'====== Args={'value': 1, 'prev_value': None, 'change': True}
2025-11-19 18:11:29,704 : INFO : EventManager : Event: ======'machine_var_audits_missing_switches_s_left_orbit2'====== Args={'value': 16, 'prev_value': None, 'change': True}
2025-11-19 18:11:29,704 : INFO : EventManager : Event: ======'machine_var_audits_missing_switches_s_left_outlane'====== Args={'value': 24, 'prev_value': None, 'change': True}
2025-11-19 18:11:29,704 : INFO : EventManager : Event: ======'machine_var_audits_missing_switches_s_left_sling'====== Args={'value': 1, 'prev_value': None, 'change': True}
2025-11-19 18:11:29,704 : INFO : EventManager : Event: ======'machine_var_audits_missing_switches_s_left_slingshot'====== Args={'value': 1, 'prev_value': None, 'change': True}
2025-11-19 18:11:29,704 : INFO : EventManager : Event: ======'machine_var_audits_missing_switches_s_left_top_target'====== Args={'value': 1, 'prev_value': None, 'change': True}
2025-11-19 18:11:29,706 : INFO : EventManager : Event: ======'machine_var_audits_missing_switches_s_mid_orbit'====== Args={'value': 15, 'prev_value': None, 'change': True}
2025-11-19 18:11:29,706 : INFO : EventManager : Event: ======'machine_var_audits_missing_switches_s_middle_top_target'====== Args={'value': 1, 'prev_value': None, 'change': True}
2025-11-19 18:11:29,706 : INFO : EventManager : Event: ======'machine_var_audits_missing_switches_s_minus'====== Args={'value': 81, 'prev_value': None, 'change': True}
2025-11-19 18:11:29,706 : INFO : EventManager : Event: ======'machine_var_audits_missing_switches_s_nakatomi_lock_ball_count'====== Args={'value': 3, 'prev_value': None, 'change': True}
2025-11-19 18:11:29,706 : INFO : EventManager : Event: ======'machine_var_audits_missing_switches_s_plus'====== Args={'value': 81, 'prev_value': None, 'change': True}
2025-11-19 18:11:29,706 : INFO : EventManager : Event: ======'machine_var_audits_missing_switches_s_popbumper_left'====== Args={'value': 4, 'prev_value': None, 'change': True}
2025-11-19 18:11:29,706 : INFO : EventManager : Event: ======'machine_var_audits_missing_switches_s_popbumper_right'====== Args={'value': 3, 'prev_value': None, 'change': True}
2025-11-19 18:11:29,706 : INFO : EventManager : Event: ======'machine_var_audits_missing_switches_s_push_drop_target_4'====== Args={'value': 2, 'prev_value': None, 'change': True}
2025-11-19 18:11:29,706 : INFO : EventManager : Event: ======'machine_var_audits_missing_switches_s_push_drop_target_5'====== Args={'value': 3, 'prev_value': None, 'change': True}
2025-11-19 18:11:29,706 : INFO : EventManager : Event: ======'machine_var_audits_missing_switches_s_right_coin'====== Args={'value': 81, 'prev_value': None, 'change': True}
2025-11-19 18:11:29,706 : INFO : EventManager : Event: ======'machine_var_audits_missing_switches_s_right_flipper'====== Args={'value': 2, 'prev_value': None, 'change': True}
2025-11-19 18:11:29,706 : INFO : EventManager : Event: ======'machine_var_audits_missing_switches_s_right_flipper_eos'====== Args={'value': 3, 'prev_value': None, 'change': True}
2025-11-19 18:11:29,706 : INFO : EventManager : Event: ======'machine_var_audits_missing_switches_s_right_inlane'====== Args={'value': 24, 'prev_value': None, 'change': True}
2025-11-19 18:11:29,706 : INFO : EventManager : Event: ======'machine_var_audits_missing_switches_s_right_magna'====== Args={'value': 1, 'prev_value': None, 'change': True}
2025-11-19 18:11:29,706 : INFO : EventManager : Event: ======'machine_var_audits_missing_switches_s_right_orbit'====== Args={'value': 1, 'prev_value': None, 'change': True}
2025-11-19 18:11:29,706 : INFO : EventManager : Event: ======'machine_var_audits_missing_switches_s_right_orbit2'====== Args={'value': 16, 'prev_value': None, 'change': True}
2025-11-19 18:11:29,706 : INFO : EventManager : Event: ======'machine_var_audits_missing_switches_s_right_outlane'====== Args={'value': 24, 'prev_value': None, 'change': True}
2025-11-19 18:11:29,706 : INFO : EventManager : Event: ======'machine_var_audits_missing_switches_s_right_sling'====== Args={'value': 1, 'prev_value': None, 'change': True}
2025-11-19 18:11:29,706 : INFO : EventManager : Event: ======'machine_var_audits_missing_switches_s_right_slingshot'====== Args={'value': 2, 'prev_value': None, 'change': True}
2025-11-19 18:11:29,706 : INFO : EventManager : Event: ======'machine_var_audits_missing_switches_s_right_top_target'====== Args={'value': 1, 'prev_value': None, 'change': True}
2025-11-19 18:11:29,706 : INFO : EventManager : Event: ======'machine_var_audits_missing_switches_s_rightkicker'====== Args={'value': 3, 'prev_value': None, 'change': True}
2025-11-19 18:11:29,706 : INFO : EventManager : Event: ======'machine_var_audits_missing_switches_s_rightvuk'====== Args={'value': 3, 'prev_value': None, 'change': True}
2025-11-19 18:11:29,707 : INFO : EventManager : Event: ======'machine_var_audits_missing_switches_s_safe_vuk'====== Args={'value': 3, 'prev_value': None, 'change': True}
2025-11-19 18:11:29,707 : INFO : EventManager : Event: ======'machine_var_audits_missing_switches_s_spinnerleft'====== Args={'value': 1, 'prev_value': None, 'change': True}
2025-11-19 18:11:29,707 : INFO : EventManager : Event: ======'machine_var_audits_missing_switches_s_spinnerright'====== Args={'value': 1, 'prev_value': None, 'change': True}
2025-11-19 18:11:29,707 : INFO : EventManager : Event: ======'machine_var_audits_missing_switches_s_start'====== Args={'value': 4, 'prev_value': None, 'change': True}
2025-11-19 18:11:29,707 : INFO : EventManager : Event: ======'machine_var_audits_missing_switches_s_swDivParkp'====== Args={'value': 3, 'prev_value': None, 'change': True}
2025-11-19 18:11:29,707 : INFO : EventManager : Event: ======'machine_var_audits_missing_switches_s_swleftinlane'====== Args={'value': 3, 'prev_value': None, 'change': True}
2025-11-19 18:11:29,707 : INFO : EventManager : Event: ======'machine_var_audits_missing_switches_s_swleftorb1'====== Args={'value': 1, 'prev_value': None, 'change': True}
2025-11-19 18:11:29,707 : INFO : EventManager : Event: ======'machine_var_audits_missing_switches_s_swleftorb2'====== Args={'value': 1, 'prev_value': None, 'change': True}
2025-11-19 18:11:29,707 : INFO : EventManager : Event: ======'machine_var_audits_missing_switches_s_swleftoutlane'====== Args={'value': 3, 'prev_value': None, 'change': True}
2025-11-19 18:11:29,707 : INFO : EventManager : Event: ======'machine_var_audits_missing_switches_s_swmidorb'====== Args={'value': 3, 'prev_value': None, 'change': True}
2025-11-19 18:11:29,707 : INFO : EventManager : Event: ======'machine_var_audits_missing_switches_s_swrightinlane'====== Args={'value': 2, 'prev_value': None, 'change': True}
2025-11-19 18:11:29,707 : INFO : EventManager : Event: ======'machine_var_audits_missing_switches_s_swrightorb1'====== Args={'value': 1, 'prev_value': None, 'change': True}
2025-11-19 18:11:29,707 : INFO : EventManager : Event: ======'machine_var_audits_missing_switches_s_swrightorb2'====== Args={'value': 2, 'prev_value': None, 'change': True}
2025-11-19 18:11:29,707 : INFO : EventManager : Event: ======'machine_var_audits_missing_switches_s_swrightoutlane'====== Args={'value': 3, 'prev_value': None, 'change': True}
2025-11-19 18:11:29,707 : INFO : EventManager : Event: ======'machine_var_audits_missing_switches_s_target002'====== Args={'value': 3, 'prev_value': None, 'change': True}
2025-11-19 18:11:29,707 : INFO : EventManager : Event: ======'machine_var_audits_missing_switches_s_target003'====== Args={'value': 3, 'prev_value': None, 'change': True}
2025-11-19 18:11:29,707 : INFO : EventManager : Event: ======'machine_var_audits_missing_switches_s_target004'====== Args={'value': 3, 'prev_value': None, 'change': True}
2025-11-19 18:11:29,707 : INFO : EventManager : Event: ======'machine_var_audits_missing_switches_s_target_2'====== Args={'value': 24, 'prev_value': None, 'change': True}
2025-11-19 18:11:29,707 : INFO : EventManager : Event: ======'machine_var_audits_missing_switches_s_target_3'====== Args={'value': 24, 'prev_value': None, 'change': True}
2025-11-19 18:11:29,707 : INFO : EventManager : Event: ======'machine_var_audits_missing_switches_s_targeth'====== Args={'value': 2, 'prev_value': None, 'change': True}
2025-11-19 18:11:29,707 : INFO : EventManager : Event: ======'machine_var_audits_missing_switches_s_targetl'====== Args={'value': 2, 'prev_value': None, 'change': True}
2025-11-19 18:11:29,707 : INFO : EventManager : Event: ======'machine_var_audits_missing_switches_s_targetl2'====== Args={'value': 1, 'prev_value': None, 'change': True}
2025-11-19 18:11:29,707 : INFO : EventManager : Event: ======'machine_var_audits_missing_switches_s_targeto'====== Args={'value': 2, 'prev_value': None, 'change': True}
2025-11-19 18:11:29,707 : INFO : EventManager : Event: ======'machine_var_audits_missing_switches_s_targety'====== Args={'value': 2, 'prev_value': None, 'change': True}
2025-11-19 18:11:29,708 : INFO : EventManager : Event: ======'machine_var_audits_missing_switches_s_tilt_bob'====== Args={'value': 81, 'prev_value': None, 'change': True}
2025-11-19 18:11:29,708 : INFO : EventManager : Event: ======'machine_var_audits_missing_switches_s_top_flipper_eos'====== Args={'value': 3, 'prev_value': None, 'change': True}
2025-11-19 18:11:29,708 : INFO : EventManager : Event: ======'machine_var_audits_missing_switches_s_top_flipper_hold'====== Args={'value': 24, 'prev_value': None, 'change': True}
2025-11-19 18:11:29,708 : INFO : EventManager : Event: ======'machine_var_audits_missing_switches_s_towervuk'====== Args={'value': 3, 'prev_value': None, 'change': True}
2025-11-19 18:11:29,708 : INFO : EventManager : Event: ======'machine_var_audits_missing_switches_s_trmagl'====== Args={'value': 3, 'prev_value': None, 'change': True}
2025-11-19 18:11:29,708 : INFO : EventManager : Event: ======'machine_var_audits_missing_switches_s_trmagr'====== Args={'value': 3, 'prev_value': None, 'change': True}
2025-11-19 18:11:29,708 : INFO : EventManager : Event: ======'machine_var_audits_missing_switches_s_trough1'====== Args={'value': 3, 'prev_value': None, 'change': True}
2025-11-19 18:11:29,708 : INFO : EventManager : Event: ======'machine_var_audits_missing_switches_s_trough2'====== Args={'value': 1, 'prev_value': None, 'change': True}
2025-11-19 18:11:29,708 : INFO : EventManager : Event: ======'machine_var_audits_missing_switches_s_trough3'====== Args={'value': 1, 'prev_value': None, 'change': True}
2025-11-19 18:11:29,708 : INFO : EventManager : Event: ======'machine_var_audits_missing_switches_s_trough4'====== Args={'value': 1, 'prev_value': None, 'change': True}
2025-11-19 18:11:29,708 : INFO : EventManager : Event: ======'machine_var_audits_missing_switches_s_trough5'====== Args={'value': 3, 'prev_value': None, 'change': True}
2025-11-19 18:11:29,708 : INFO : EventManager : Event: ======'machine_var_audits_missing_switches_s_trough6'====== Args={'value': 3, 'prev_value': None, 'change': True}
2025-11-19 18:11:29,708 : INFO : EventManager : Event: ======'machine_var_audits_missing_switches_s_trough_jam'====== Args={'value': 1, 'prev_value': None, 'change': True}
2025-11-19 18:11:29,708 : INFO : EventManager : Event: ======'machine_var_audits_missing_switches_s_tunel_vuk'====== Args={'value': 1, 'prev_value': None, 'change': True}
2025-11-19 18:11:29,708 : INFO : EventManager : Event: ======'machine_var_audits_missing_switches_s_upper_pf_entrance'====== Args={'value': 15, 'prev_value': None, 'change': True}
2025-11-19 18:11:29,708 : INFO : EventManager : Event: ======'machine_var_audits_player_score'====== Args={'value': {'average': 89899, 'top': [691810, 665430, 224220, 152420, 150000, 138180, 97570, 97420, 90150, 33330], 'total': 24}, 'prev_value': None, 'change': True}
2025-11-19 18:11:29,708 : INFO : EventManager : Event: ======'machine_var_audits_shots_holly_h'====== Args={'value': 241, 'prev_value': None, 'change': True}
2025-11-19 18:11:29,708 : INFO : EventManager : Event: ======'machine_var_audits_shots_holly_l'====== Args={'value': 96, 'prev_value': None, 'change': True}
2025-11-19 18:11:29,708 : INFO : EventManager : Event: ======'machine_var_audits_shots_holly_l1'====== Args={'value': 75, 'prev_value': None, 'change': True}
2025-11-19 18:11:29,708 : INFO : EventManager : Event: ======'machine_var_audits_shots_holly_o'====== Args={'value': 60, 'prev_value': None, 'change': True}
2025-11-19 18:11:29,708 : INFO : EventManager : Event: ======'machine_var_audits_shots_holly_y'====== Args={'value': 27, 'prev_value': None, 'change': True}
2025-11-19 18:11:29,708 : INFO : EventManager : Event: ======'machine_var_audits_shots_targetl2'====== Args={'value': 2, 'prev_value': None, 'change': True}
2025-11-19 18:11:29,708 : INFO : EventManager : Event: ======'machine_var_audits_switches_SpinnerLeft'====== Args={'value': 3, 'prev_value': None, 'change': True}
2025-11-19 18:11:29,709 : INFO : EventManager : Event: ======'machine_var_audits_switches_SpinnerRight'====== Args={'value': 3, 'prev_value': None, 'change': True}
2025-11-19 18:11:29,709 : INFO : EventManager : Event: ======'machine_var_audits_switches_s_AirDuctEnter001'====== Args={'value': 14, 'prev_value': None, 'change': True}
2025-11-19 18:11:29,709 : INFO : EventManager : Event: ======'machine_var_audits_switches_s_TrPF1'====== Args={'value': 0, 'prev_value': None, 'change': True}
2025-11-19 18:11:29,709 : INFO : EventManager : Event: ======'machine_var_audits_switches_s_TrPF2'====== Args={'value': 0, 'prev_value': None, 'change': True}
2025-11-19 18:11:29,709 : INFO : EventManager : Event: ======'machine_var_audits_switches_s_TrPF3'====== Args={'value': 0, 'prev_value': None, 'change': True}
2025-11-19 18:11:29,709 : INFO : EventManager : Event: ======'machine_var_audits_switches_s_UrampUp001'====== Args={'value': 0, 'prev_value': None, 'change': True}
2025-11-19 18:11:29,709 : INFO : EventManager : Event: ======'machine_var_audits_switches_s_airplane'====== Args={'value': 42, 'prev_value': None, 'change': True}
2025-11-19 18:11:29,709 : INFO : EventManager : Event: ======'machine_var_audits_switches_s_bottom_left_inner_drain'====== Args={'value': 102, 'prev_value': None, 'change': True}
2025-11-19 18:11:29,709 : INFO : EventManager : Event: ======'machine_var_audits_switches_s_bottom_left_outer_drain'====== Args={'value': 92, 'prev_value': None, 'change': True}
2025-11-19 18:11:29,709 : INFO : EventManager : Event: ======'machine_var_audits_switches_s_bottom_right_inner_drain'====== Args={'value': 126, 'prev_value': None, 'change': True}
2025-11-19 18:11:29,709 : INFO : EventManager : Event: ======'machine_var_audits_switches_s_bottom_right_outer_drain'====== Args={'value': 328, 'prev_value': None, 'change': True}
2025-11-19 18:11:29,709 : INFO : EventManager : Event: ======'machine_var_audits_switches_s_bottom_right_vuk'====== Args={'value': 1822, 'prev_value': None, 'change': True}
2025-11-19 18:11:29,709 : INFO : EventManager : Event: ======'machine_var_audits_switches_s_captiveball'====== Args={'value': 0, 'prev_value': None, 'change': True}
2025-11-19 18:11:29,709 : INFO : EventManager : Event: ======'machine_var_audits_switches_s_door'====== Args={'value': 59, 'prev_value': None, 'change': True}
2025-11-19 18:11:29,709 : INFO : EventManager : Event: ======'machine_var_audits_switches_s_door_tilt'====== Args={'value': 115, 'prev_value': None, 'change': True}
2025-11-19 18:11:29,709 : INFO : EventManager : Event: ======'machine_var_audits_switches_s_drop_target_1'====== Args={'value': 114, 'prev_value': None, 'change': True}
2025-11-19 18:11:29,709 : INFO : EventManager : Event: ======'machine_var_audits_switches_s_drop_target_2'====== Args={'value': 102, 'prev_value': None, 'change': True}
2025-11-19 18:11:29,709 : INFO : EventManager : Event: ======'machine_var_audits_switches_s_drop_target_3'====== Args={'value': 113, 'prev_value': None, 'change': True}
2025-11-19 18:11:29,709 : INFO : EventManager : Event: ======'machine_var_audits_switches_s_enter'====== Args={'value': 0, 'prev_value': None, 'change': True}
2025-11-19 18:11:29,709 : INFO : EventManager : Event: ======'machine_var_audits_switches_s_escape'====== Args={'value': 0, 'prev_value': None, 'change': True}
2025-11-19 18:11:29,709 : INFO : EventManager : Event: ======'machine_var_audits_switches_s_fire'====== Args={'value': 169, 'prev_value': None, 'change': True}
2025-11-19 18:11:29,709 : INFO : EventManager : Event: ======'machine_var_audits_switches_s_highvuk'====== Args={'value': 76, 'prev_value': None, 'change': True}
2025-11-19 18:11:29,709 : INFO : EventManager : Event: ======'machine_var_audits_switches_s_holly_h'====== Args={'value': 248, 'prev_value': None, 'change': True}
2025-11-19 18:11:29,709 : INFO : EventManager : Event: ======'machine_var_audits_switches_s_holly_l'====== Args={'value': 216, 'prev_value': None, 'change': True}
2025-11-19 18:11:29,710 : INFO : EventManager : Event: ======'machine_var_audits_switches_s_holly_l1'====== Args={'value': 75, 'prev_value': None, 'change': True}
2025-11-19 18:11:29,710 : INFO : EventManager : Event: ======'machine_var_audits_switches_s_holly_l_1'====== Args={'value': 93, 'prev_value': None, 'change': True}
2025-11-19 18:11:29,710 : INFO : EventManager : Event: ======'machine_var_audits_switches_s_holly_o'====== Args={'value': 176, 'prev_value': None, 'change': True}
2025-11-19 18:11:29,710 : INFO : EventManager : Event: ======'machine_var_audits_switches_s_holly_y'====== Args={'value': 71, 'prev_value': None, 'change': True}
2025-11-19 18:11:29,710 : INFO : EventManager : Event: ======'machine_var_audits_switches_s_kickervault1'====== Args={'value': 0, 'prev_value': None, 'change': True}
2025-11-19 18:11:29,710 : INFO : EventManager : Event: ======'machine_var_audits_switches_s_left spinner'====== Args={'value': 1170, 'prev_value': None, 'change': True}
2025-11-19 18:11:29,710 : INFO : EventManager : Event: ======'machine_var_audits_switches_s_left_coin'====== Args={'value': 0, 'prev_value': None, 'change': True}
2025-11-19 18:11:29,710 : INFO : EventManager : Event: ======'machine_var_audits_switches_s_left_flipper'====== Args={'value': 1435, 'prev_value': None, 'change': True}
2025-11-19 18:11:29,710 : INFO : EventManager : Event: ======'machine_var_audits_switches_s_left_flipper_eos'====== Args={'value': 1374, 'prev_value': None, 'change': True}
2025-11-19 18:11:29,710 : INFO : EventManager : Event: ======'machine_var_audits_switches_s_left_inlane'====== Args={'value': 0, 'prev_value': None, 'change': True}
2025-11-19 18:11:29,710 : INFO : EventManager : Event: ======'machine_var_audits_switches_s_left_magna'====== Args={'value': 377, 'prev_value': None, 'change': True}
2025-11-19 18:11:29,710 : INFO : EventManager : Event: ======'machine_var_audits_switches_s_left_orbit'====== Args={'value': 335, 'prev_value': None, 'change': True}
2025-11-19 18:11:29,710 : INFO : EventManager : Event: ======'machine_var_audits_switches_s_left_orbit2'====== Args={'value': 0, 'prev_value': None, 'change': True}
2025-11-19 18:11:29,710 : INFO : EventManager : Event: ======'machine_var_audits_switches_s_left_outlane'====== Args={'value': 0, 'prev_value': None, 'change': True}
2025-11-19 18:11:29,710 : INFO : EventManager : Event: ======'machine_var_audits_switches_s_left_sling'====== Args={'value': 354, 'prev_value': None, 'change': True}
2025-11-19 18:11:29,710 : INFO : EventManager : Event: ======'machine_var_audits_switches_s_left_slingshot'====== Args={'value': 1, 'prev_value': None, 'change': True}
2025-11-19 18:11:29,710 : INFO : EventManager : Event: ======'machine_var_audits_switches_s_left_top_target'====== Args={'value': 76, 'prev_value': None, 'change': True}
2025-11-19 18:11:29,710 : INFO : EventManager : Event: ======'machine_var_audits_switches_s_mid_orbit'====== Args={'value': 0, 'prev_value': None, 'change': True}
2025-11-19 18:11:29,710 : INFO : EventManager : Event: ======'machine_var_audits_switches_s_middle_top_target'====== Args={'value': 42, 'prev_value': None, 'change': True}
2025-11-19 18:11:29,710 : INFO : EventManager : Event: ======'machine_var_audits_switches_s_minus'====== Args={'value': 0, 'prev_value': None, 'change': True}
2025-11-19 18:11:29,710 : INFO : EventManager : Event: ======'machine_var_audits_switches_s_nakatomi'====== Args={'value': 199, 'prev_value': None, 'change': True}
2025-11-19 18:11:29,710 : INFO : EventManager : Event: ======'machine_var_audits_switches_s_nakatomi_lock_ball_count'====== Args={'value': 0, 'prev_value': None, 'change': True}
2025-11-19 18:11:29,710 : INFO : EventManager : Event: ======'machine_var_audits_switches_s_plunger_lane'====== Args={'value': 158, 'prev_value': None, 'change': True}
2025-11-19 18:11:29,710 : INFO : EventManager : Event: ======'machine_var_audits_switches_s_plus'====== Args={'value': 0, 'prev_value': None, 'change': True}
2025-11-19 18:11:29,710 : INFO : EventManager : Event: ======'machine_var_audits_switches_s_popbumper_left'====== Args={'value': 244, 'prev_value': None, 'change': True}
2025-11-19 18:11:29,710 : INFO : EventManager : Event: ======'machine_var_audits_switches_s_popbumper_right'====== Args={'value': 528, 'prev_value': None, 'change': True}
2025-11-19 18:11:29,710 : INFO : EventManager : Event: ======'machine_var_audits_switches_s_push_drop_target_4'====== Args={'value': 2, 'prev_value': None, 'change': True}
2025-11-19 18:11:29,711 : INFO : EventManager : Event: ======'machine_var_audits_switches_s_push_drop_target_5'====== Args={'value': 0, 'prev_value': None, 'change': True}
2025-11-19 18:11:29,711 : INFO : EventManager : Event: ======'machine_var_audits_switches_s_right spinner'====== Args={'value': 134, 'prev_value': None, 'change': True}
2025-11-19 18:11:29,711 : INFO : EventManager : Event: ======'machine_var_audits_switches_s_right_coin'====== Args={'value': 0, 'prev_value': None, 'change': True}
2025-11-19 18:11:29,711 : INFO : EventManager : Event: ======'machine_var_audits_switches_s_right_flipper'====== Args={'value': 1589, 'prev_value': None, 'change': True}
2025-11-19 18:11:29,711 : INFO : EventManager : Event: ======'machine_var_audits_switches_s_right_flipper_eos'====== Args={'value': 1535, 'prev_value': None, 'change': True}
2025-11-19 18:11:29,711 : INFO : EventManager : Event: ======'machine_var_audits_switches_s_right_inlane'====== Args={'value': 0, 'prev_value': None, 'change': True}
2025-11-19 18:11:29,711 : INFO : EventManager : Event: ======'machine_var_audits_switches_s_right_magna'====== Args={'value': 315, 'prev_value': None, 'change': True}
2025-11-19 18:11:29,711 : INFO : EventManager : Event: ======'machine_var_audits_switches_s_right_orbit'====== Args={'value': 250, 'prev_value': None, 'change': True}
2025-11-19 18:11:29,711 : INFO : EventManager : Event: ======'machine_var_audits_switches_s_right_orbit2'====== Args={'value': 0, 'prev_value': None, 'change': True}
2025-11-19 18:11:29,711 : INFO : EventManager : Event: ======'machine_var_audits_switches_s_right_outlane'====== Args={'value': 0, 'prev_value': None, 'change': True}
2025-11-19 18:11:29,711 : INFO : EventManager : Event: ======'machine_var_audits_switches_s_right_sling'====== Args={'value': 449, 'prev_value': None, 'change': True}
2025-11-19 18:11:29,711 : INFO : EventManager : Event: ======'machine_var_audits_switches_s_right_slingshot'====== Args={'value': 0, 'prev_value': None, 'change': True}
2025-11-19 18:11:29,711 : INFO : EventManager : Event: ======'machine_var_audits_switches_s_right_top_target'====== Args={'value': 38, 'prev_value': None, 'change': True}
2025-11-19 18:11:29,711 : INFO : EventManager : Event: ======'machine_var_audits_switches_s_rightkicker'====== Args={'value': 0, 'prev_value': None, 'change': True}
2025-11-19 18:11:29,711 : INFO : EventManager : Event: ======'machine_var_audits_switches_s_rightvuk'====== Args={'value': 0, 'prev_value': None, 'change': True}
2025-11-19 18:11:29,711 : INFO : EventManager : Event: ======'machine_var_audits_switches_s_safe_vuk'====== Args={'value': 354, 'prev_value': None, 'change': True}
2025-11-19 18:11:29,711 : INFO : EventManager : Event: ======'machine_var_audits_switches_s_spinnerleft'====== Args={'value': 10, 'prev_value': None, 'change': True}
2025-11-19 18:11:29,711 : INFO : EventManager : Event: ======'machine_var_audits_switches_s_spinnerright'====== Args={'value': 5, 'prev_value': None, 'change': True}
2025-11-19 18:11:29,711 : INFO : EventManager : Event: ======'machine_var_audits_switches_s_start'====== Args={'value': 64, 'prev_value': None, 'change': True}
2025-11-19 18:11:29,711 : INFO : EventManager : Event: ======'machine_var_audits_switches_s_swDivParkp'====== Args={'value': 0, 'prev_value': None, 'change': True}
2025-11-19 18:11:29,711 : INFO : EventManager : Event: ======'machine_var_audits_switches_s_swleftinlane'====== Args={'value': 0, 'prev_value': None, 'change': True}
2025-11-19 18:11:29,711 : INFO : EventManager : Event: ======'machine_var_audits_switches_s_swleftorb1'====== Args={'value': 2, 'prev_value': None, 'change': True}
2025-11-19 18:11:29,711 : INFO : EventManager : Event: ======'machine_var_audits_switches_s_swleftorb2'====== Args={'value': 2, 'prev_value': None, 'change': True}
2025-11-19 18:11:29,711 : INFO : EventManager : Event: ======'machine_var_audits_switches_s_swleftoutlane'====== Args={'value': 0, 'prev_value': None, 'change': True}
2025-11-19 18:11:29,711 : INFO : EventManager : Event: ======'machine_var_audits_switches_s_swmidorb'====== Args={'value': 0, 'prev_value': None, 'change': True}
2025-11-19 18:11:29,711 : INFO : EventManager : Event: ======'machine_var_audits_switches_s_swrightinlane'====== Args={'value': 1, 'prev_value': None, 'change': True}
2025-11-19 18:11:29,711 : INFO : EventManager : Event: ======'machine_var_audits_switches_s_swrightorb1'====== Args={'value': 1, 'prev_value': None, 'change': True}
2025-11-19 18:11:29,712 : INFO : EventManager : Event: ======'machine_var_audits_switches_s_swrightorb2'====== Args={'value': 0, 'prev_value': None, 'change': True}
2025-11-19 18:11:29,712 : INFO : EventManager : Event: ======'machine_var_audits_switches_s_swrightoutlane'====== Args={'value': 0, 'prev_value': None, 'change': True}
2025-11-19 18:11:29,712 : INFO : EventManager : Event: ======'machine_var_audits_switches_s_target002'====== Args={'value': 0, 'prev_value': None, 'change': True}
2025-11-19 18:11:29,712 : INFO : EventManager : Event: ======'machine_var_audits_switches_s_target003'====== Args={'value': 0, 'prev_value': None, 'change': True}
2025-11-19 18:11:29,712 : INFO : EventManager : Event: ======'machine_var_audits_switches_s_target004'====== Args={'value': 0, 'prev_value': None, 'change': True}
2025-11-19 18:11:29,712 : INFO : EventManager : Event: ======'machine_var_audits_switches_s_target_2'====== Args={'value': 0, 'prev_value': None, 'change': True}
2025-11-19 18:11:29,712 : INFO : EventManager : Event: ======'machine_var_audits_switches_s_target_3'====== Args={'value': 0, 'prev_value': None, 'change': True}
2025-11-19 18:11:29,712 : INFO : EventManager : Event: ======'machine_var_audits_switches_s_targeth'====== Args={'value': 0, 'prev_value': None, 'change': True}
2025-11-19 18:11:29,712 : INFO : EventManager : Event: ======'machine_var_audits_switches_s_targetl'====== Args={'value': 0, 'prev_value': None, 'change': True}
2025-11-19 18:11:29,712 : INFO : EventManager : Event: ======'machine_var_audits_switches_s_targetl2'====== Args={'value': 2, 'prev_value': None, 'change': True}
2025-11-19 18:11:29,712 : INFO : EventManager : Event: ======'machine_var_audits_switches_s_targeto'====== Args={'value': 0, 'prev_value': None, 'change': True}
2025-11-19 18:11:29,712 : INFO : EventManager : Event: ======'machine_var_audits_switches_s_targety'====== Args={'value': 0, 'prev_value': None, 'change': True}
2025-11-19 18:11:29,712 : INFO : EventManager : Event: ======'machine_var_audits_switches_s_tilt_bob'====== Args={'value': 0, 'prev_value': None, 'change': True}
2025-11-19 18:11:29,712 : INFO : EventManager : Event: ======'machine_var_audits_switches_s_top_flipper_eos'====== Args={'value': 1373, 'prev_value': None, 'change': True}
2025-11-19 18:11:29,712 : INFO : EventManager : Event: ======'machine_var_audits_switches_s_top_flipper_hold'====== Args={'value': 0, 'prev_value': None, 'change': True}
2025-11-19 18:11:29,712 : INFO : EventManager : Event: ======'machine_var_audits_switches_s_towervuk'====== Args={'value': 0, 'prev_value': None, 'change': True}
2025-11-19 18:11:29,712 : INFO : EventManager : Event: ======'machine_var_audits_switches_s_trmagl'====== Args={'value': 0, 'prev_value': None, 'change': True}
2025-11-19 18:11:29,712 : INFO : EventManager : Event: ======'machine_var_audits_switches_s_trmagr'====== Args={'value': 0, 'prev_value': None, 'change': True}
2025-11-19 18:11:29,712 : INFO : EventManager : Event: ======'machine_var_audits_switches_s_trough1'====== Args={'value': 222, 'prev_value': None, 'change': True}
2025-11-19 18:11:29,712 : INFO : EventManager : Event: ======'machine_var_audits_switches_s_trough2'====== Args={'value': 118, 'prev_value': None, 'change': True}
2025-11-19 18:11:29,712 : INFO : EventManager : Event: ======'machine_var_audits_switches_s_trough3'====== Args={'value': 116, 'prev_value': None, 'change': True}
2025-11-19 18:11:29,712 : INFO : EventManager : Event: ======'machine_var_audits_switches_s_trough4'====== Args={'value': 120, 'prev_value': None, 'change': True}
2025-11-19 18:11:29,712 : INFO : EventManager : Event: ======'machine_var_audits_switches_s_trough5'====== Args={'value': 100, 'prev_value': None, 'change': True}
2025-11-19 18:11:29,712 : INFO : EventManager : Event: ======'machine_var_audits_switches_s_trough6'====== Args={'value': 100, 'prev_value': None, 'change': True}
2025-11-19 18:11:29,712 : INFO : EventManager : Event: ======'machine_var_audits_switches_s_trough_jam'====== Args={'value': 171, 'prev_value': None, 'change': True}
2025-11-19 18:11:29,712 : INFO : EventManager : Event: ======'machine_var_audits_switches_s_tunel_vuk'====== Args={'value': 225, 'prev_value': None, 'change': True}
2025-11-19 18:11:29,712 : INFO : EventManager : Event: ======'machine_var_audits_switches_s_upper_pf_entrance'====== Args={'value': 0, 'prev_value': None, 'change': True}
2025-11-19 18:11:29,712 : INFO : EventManager : Event: ======'machine_var_audits_switches_swPlunger'====== Args={'value': 16, 'prev_value': None, 'change': True}
2025-11-19 18:11:29,713 : INFO : EventManager : Event: ======'init_phase_5'====== Args={}
2025-11-19 18:11:29,714 : INFO : EventManager : Event: ======'init_done'====== Args={}
2025-11-19 18:11:29,714 : INFO : EventManager : Event: ======'machine_reset_phase_1'====== Args={}
2025-11-19 18:11:29,714 : INFO : EventManager : Event: ======'machine_reset_phase_2'====== Args={}
2025-11-19 18:11:29,714 : INFO : EventManager : Event: ======'machine_reset_phase_3'====== Args={}
2025-11-19 18:11:29,714 : INFO : drop_target_bank.bank : All targets are already up. Will not reset bank.
2025-11-19 18:11:29,714 : INFO : drop_target_bank.bank1 : All targets are already up. Will not reset bank.
2025-11-19 18:11:29,714 : INFO : drop_target_bank.bank2 : All targets are already up. Will not reset bank.
2025-11-19 18:11:29,714 : INFO : EventManager : Event: ======'reset_complete'====== Args={}
2025-11-19 18:11:29,714 : INFO : EventManager : Event: ======'mode_attract_will_start'====== Args={}
2025-11-19 18:11:29,715 : INFO : EventManager : Event: ======'mode_attract_starting'====== Args={}
2025-11-19 18:11:29,715 : INFO : Mode.attract : Started. Priority: 10
2025-11-19 18:11:29,715 : INFO : EventManager : Event: ======'modes_active_modes_changed'====== Args={}
2025-11-19 18:11:29,715 : INFO : EventManager : Event: ======'mode_attract_started'====== Args={}
2025-11-19 18:11:29,716 : INFO : show_player : key_attract_christmas
2025-11-19 18:11:29,717 : INFO : EventManager : Event: ======'collecting_balls_complete'====== Args={}
2025-11-19 18:11:29,717 : INFO : Machine : Starting the main run loop with active modes: [<Mode.attract>]
2025-11-19 18:11:40,477 : INFO : BcpServer : New client connected.
2025-11-19 18:11:41,604 : INFO : SwitchController : <<<<<<< 's_start' active >>>>>>>
2025-11-19 18:11:41,661 : INFO : SwitchController : <<<<<<< 's_start' inactive >>>>>>>
2025-11-19 18:11:41,661 : INFO : EventManager : Event: ======'request_to_start_game'====== Args={}
2025-11-19 18:11:41,663 : INFO : EventManager : Event: ======'game_start'====== Args={'buttons': [], 'hold_time': 0.0629999999946449}
2025-11-19 18:11:41,664 : INFO : EventManager : Event: ======'mode_game_will_start'====== Args={'buttons': [], 'hold_time': 0.0629999999946449}
2025-11-19 18:11:41,664 : INFO : EventManager : Event: ======'mode_game_starting'====== Args={'buttons': [], 'hold_time': 0.0629999999946449}
2025-11-19 18:11:41,664 : INFO : EventManager : Event: ======'mode_attract_will_stop'====== Args={}
2025-11-19 18:11:41,664 : INFO : EventManager : Event: ======'mode_attract_stopping'====== Args={}
2025-11-19 18:11:41,664 : INFO : Mode.attract : Stopped.
2025-11-19 18:11:41,664 : INFO : EventManager : Event: ======'modes_active_modes_changed'====== Args={}
2025-11-19 18:11:41,665 : INFO : EventManager : Event: ======'mode_attract_stopped'====== Args={}
2025-11-19 18:11:41,665 : INFO : EventManager : Event: ======'clear'====== Args={'key': 'attract'}
2025-11-19 18:11:41,665 : INFO : Mode.game : Started. Priority: 20
2025-11-19 18:11:41,665 : INFO : EventManager : Event: ======'modes_active_modes_changed'====== Args={}
2025-11-19 18:11:41,665 : INFO : EventManager : Event: ======'mode_game_started'====== Args={'buttons': [], 'hold_time': 0.0629999999946449}
2025-11-19 18:11:41,665 : INFO : EventManager : Event: ======'game_will_start'====== Args={}
2025-11-19 18:11:41,666 : INFO : EventManager : Event: ======'game_starting'====== Args={'game': <Mode.game>}
2025-11-19 18:11:41,666 : INFO : EventManager : Unordered handler for class <Auditor> on event game_ended with priority 1. Handlers: [RegisteredHandler(callback=<bound method Auditor.disable of <Auditor>>, priority=1, kwargs={}, key=UUID('e0797f82-4d0e-4afa-a00c-b5e4db5e75bc'), condition=None, blocking_facility=None), RegisteredHandler(callback=<bound method Auditor._save_audits of <Auditor>>, priority=1, kwargs={}, key=UUID('378c54bf-0f1b-4f28-b14e-e88c2abcab0b'), condition=None, blocking_facility=None)]. The order of those handlers is not defined and they will be executed in random order. This might lead to race conditions and potential bugs.
2025-11-19 18:11:41,666 : INFO : EventManager : Event: ======'player_add_request'====== Args={}
2025-11-19 18:11:41,666 : INFO : EventManager : Event: ======'player_will_add'====== Args={'number': 1}
2025-11-19 18:11:41,666 : INFO : EventManager : Event: ======'player_adding'====== Args={'player': <Player 1>, 'number': 1}
2025-11-19 18:11:41,667 : INFO : EventManager : Event: ======'player_added'====== Args={'player': <Player 1>, 'num': 1}
2025-11-19 18:11:41,667 : INFO : Mode.game : Player added successfully. Total players: 1
2025-11-19 18:11:41,667 : INFO : EventManager : Event: ======'player_index'====== Args={'value': 0, 'prev_value': 0, 'change': 0, 'player_num': 1}
2025-11-19 18:11:41,667 : INFO : EventManager : Event: ======'player_number'====== Args={'value': 1, 'prev_value': 1, 'change': 0, 'player_num': 1}
2025-11-19 18:11:41,667 : INFO : EventManager : Event: ======'player_score'====== Args={'value': 0, 'prev_value': 0, 'change': 0, 'player_num': 1}
2025-11-19 18:11:41,667 : INFO : EventManager : Event: ======'game_started'====== Args={}
2025-11-19 18:11:41,668 : INFO : EventManager : Event: ======'player_turn_will_start'====== Args={'player': <Player 1>, 'number': 1}
2025-11-19 18:11:41,668 : INFO : EventManager : Event: ======'player_turn_starting'====== Args={'player': <Player 1>, 'number': 1}
2025-11-19 18:11:41,668 : INFO : EventManager : Event: ======'player_ball'====== Args={'value': 1, 'prev_value': 0, 'change': 1, 'player_num': 1}
2025-11-19 18:11:41,668 : INFO : EventManager : Event: ======'player_turn_started'====== Args={'player': <Player 1>, 'number': 1}
2025-11-19 18:11:41,674 : INFO : EventManager : Event: ======'ball_will_start'====== Args={'player': 1, 'ball': 1, 'balls_remaining': 2, 'is_extra_ball': False}
2025-11-19 18:11:41,675 : INFO : EventManager : Event: ======'ball_starting'====== Args={'player': 1, 'ball': 1, 'balls_remaining': 2, 'is_extra_ball': False}
2025-11-19 18:11:41,676 : INFO : drop_target_bank.bank : All targets are already up. Will not reset bank.
2025-11-19 18:11:41,676 : INFO : drop_target_bank.bank1 : All targets are already up. Will not reset bank.
2025-11-19 18:11:41,676 : INFO : drop_target_bank.bank2 : All targets are already up. Will not reset bank.
2025-11-19 18:11:41,676 : INFO : EventManager : Event: ======'balls_in_play'====== Args={'balls': 1}
2025-11-19 18:11:41,676 : INFO : EventManager : Event: ======'ball_started'====== Args={'player': 1, 'ball': 1, 'balls_remaining': 2, 'is_extra_ball': False}
2025-11-19 18:11:41,677 : INFO : EventManager : Event: ======'mode_score_will_start'====== Args={'player': 1, 'ball': 1, 'balls_remaining': 2, 'is_extra_ball': False}
2025-11-19 18:11:41,677 : ERROR : asyncio : Exception in callback EventManager.process_event_queue()
handle: <Handle EventManager.process_event_queue()>
Traceback (most recent call last):
  File "C:\Users\carr-\Documents\development\mpf080\mpf\core\events.py", line 755, in _run_handlers
    result = handler.callback(**merged_kwargs)
  File "C:\Users\carr-\Documents\development\mpf080\mpf\core\mode.py", line 218, in start
    result = item.method(config=self.config.get(item.config_section, self.config),
  File "C:\Users\carr-\Documents\development\mpf080\mpf\core\config_player.py", line 221, in mode_start
    event_keys = self.register_player_events(config, mode, priority)
  File "C:\Users\carr-\Documents\development\mpf080\mpf\core\config_player.py", line 315, in register_player_events
    self.machine.events.add_handler(
  File "C:\Users\carr-\Documents\development\mpf080\mpf\core\events.py", line 219, in add_handler
    self.raise_config_error('Switch name "{name}" name used as event handler for {handler}. '
  File "C:\Users\carr-\Documents\development\mpf080\mpf\core\logging.py", line 175, in raise_config_error
    raise ConfigFileError(msg, error_no, self.log.name if self.log else "", context, self._url_base) \
mpf.exceptions.config_file_error.ConfigFileError: Config File Error in EventManager: Switch name "s_popbumper_left" name used as event handler for <bound method ConfigPlayer.config_play_callback of ConfigPlayer.variable_player/variables>. Did you mean "s_popbumper_left_active"? Error Code: CFE-EventManager-1 (https://missionpinball.org/logs)

The above exception was the direct cause of the following exception:

Traceback (most recent call last):
  File "C:\Users\carr-\AppData\Local\Programs\Python\Python39\lib\asyncio\events.py", line 80, in _run
    self._context.run(self._callback, *self._args)
  File "C:\Users\carr-\Documents\development\mpf080\mpf\core\events.py", line 846, in process_event_queue
    self._process_event(event=event[0],
  File "C:\Users\carr-\Documents\development\mpf080\mpf\core\events.py", line 808, in _process_event
    result = self._run_handlers(event, ev_type, kwargs)
  File "C:\Users\carr-\Documents\development\mpf080\mpf\core\events.py", line 757, in _run_handlers
    raise EventHandlerException(
mpf.core.events.EventHandlerException: Exception while processing RegisteredHandler(callback=<bound method Mode.start of <Mode.score>>, priority=110, kwargs={}, key=UUID('c9d40291-c8ee-46a8-a98c-7cb0c6f74ed1'), condition=None, blocking_facility=None) for event ball_started. Config File Error in EventManager: Switch name "s_popbumper_left" name used as event handler for <bound method ConfigPlayer.config_play_callback of ConfigPlayer.variable_player/variables>. Did you mean "s_popbumper_left_active"? Error Code: CFE-EventManager-1 (https://missionpinball.org/logs)
2025-11-19 18:11:41,751 : INFO : Machine : Shutting down...
2025-11-19 18:11:41,752 : INFO : EventManager : Event: ======'shutdown'====== Args={}
2025-11-19 18:11:41,753 : INFO : EventManager : Event: ======'mode_game_will_stop'====== Args={}
2025-11-19 18:11:41,753 : INFO : EventManager : Event: ======'mode_game_stopping'====== Args={}
2025-11-19 18:11:41,753 : INFO : Mode.game : Stopped.
2025-11-19 18:11:41,753 : INFO : EventManager : Event: ======'modes_active_modes_changed'====== Args={}
2025-11-19 18:11:41,753 : INFO : EventManager : Event: ======'mode_game_stopped'====== Args={}
2025-11-19 18:11:41,753 : INFO : EventManager : Event: ======'clear'====== Args={'key': 'game'}
2025-11-19 18:11:41,756 : ERROR : Machine : Runtime Exception
Traceback (most recent call last):
  File "C:\Users\carr-\Documents\development\mpf080\mpf\core\events.py", line 755, in _run_handlers
    result = handler.callback(**merged_kwargs)
  File "C:\Users\carr-\Documents\development\mpf080\mpf\core\mode.py", line 218, in start
    result = item.method(config=self.config.get(item.config_section, self.config),
  File "C:\Users\carr-\Documents\development\mpf080\mpf\core\config_player.py", line 221, in mode_start
    event_keys = self.register_player_events(config, mode, priority)
  File "C:\Users\carr-\Documents\development\mpf080\mpf\core\config_player.py", line 315, in register_player_events
    self.machine.events.add_handler(
  File "C:\Users\carr-\Documents\development\mpf080\mpf\core\events.py", line 219, in add_handler
    self.raise_config_error('Switch name "{name}" name used as event handler for {handler}. '
  File "C:\Users\carr-\Documents\development\mpf080\mpf\core\logging.py", line 175, in raise_config_error
    raise ConfigFileError(msg, error_no, self.log.name if self.log else "", context, self._url_base) \
mpf.exceptions.config_file_error.ConfigFileError: Config File Error in EventManager: Switch name "s_popbumper_left" name used as event handler for <bound method ConfigPlayer.config_play_callback of ConfigPlayer.variable_player/variables>. Did you mean "s_popbumper_left_active"? Error Code: CFE-EventManager-1 (https://missionpinball.org/logs)

The above exception was the direct cause of the following exception:

Traceback (most recent call last):
  File "C:\Users\carr-\Documents\development\mpf080\mpf\core\machine.py", line 808, in _run_loop
    raise self._exception['exception']
  File "C:\Users\carr-\AppData\Local\Programs\Python\Python39\lib\asyncio\events.py", line 80, in _run
    self._context.run(self._callback, *self._args)
  File "C:\Users\carr-\Documents\development\mpf080\mpf\core\events.py", line 846, in process_event_queue
    self._process_event(event=event[0],
  File "C:\Users\carr-\Documents\development\mpf080\mpf\core\events.py", line 808, in _process_event
    result = self._run_handlers(event, ev_type, kwargs)
  File "C:\Users\carr-\Documents\development\mpf080\mpf\core\events.py", line 757, in _run_handlers
    raise EventHandlerException(
mpf.core.events.EventHandlerException: Exception while processing RegisteredHandler(callback=<bound method Mode.start of <Mode.score>>, priority=110, kwargs={}, key=UUID('c9d40291-c8ee-46a8-a98c-7cb0c6f74ed1'), condition=None, blocking_facility=None) for event ball_started. Config File Error in EventManager: Switch name "s_popbumper_left" name used as event handler for <bound method ConfigPlayer.config_play_callback of ConfigPlayer.variable_player/variables>. Did you mean "s_popbumper_left_active"? Error Code: CFE-EventManager-1 (https://missionpinball.org/logs)
2025-11-19 18:11:41,772 : INFO : root : MPF run loop ended.
