2025-12-01 20:17:40,852 : INFO : root : Loading config.
2025-12-01 20:17:40,855 : INFO : YamlMultifileConfigLoader : Machine config file #1: config.yaml
2025-12-01 20:17:40,856 : INFO : ConfigProcessor : Loading config from cache: C:\Users\carr-\AppData\Local\Temp\23e177fce4903a9a69d69f474fa748a1.mpf_cache
2025-12-01 20:17:40,928 : INFO : ConfigProcessor : Loading config from cache: C:\Users\carr-\AppData\Local\Temp\2f9bbeccf93c71693a410725897ab70d.mpf_cache
2025-12-01 20:17:40,929 : INFO : ConfigProcessor : Loading config from cache: C:\Users\carr-\AppData\Local\Temp\71986c9cb54d44e1ee87b7d4d0f68024.mpf_cache
2025-12-01 20:17:40,930 : INFO : ConfigProcessor : Loading config from cache: C:\Users\carr-\AppData\Local\Temp\2f9bbeccf93c71693a410725897ab70d.mpf_cache
2025-12-01 20:17:40,930 : INFO : ConfigProcessor : Loading config from cache: C:\Users\carr-\AppData\Local\Temp\460998002e273cec26232c9157d92984.mpf_cache
2025-12-01 20:17:40,931 : INFO : ConfigProcessor : Loading config from cache: C:\Users\carr-\AppData\Local\Temp\1113c1d20ec4e70f79a7ed8de50ab69e.mpf_cache
2025-12-01 20:17:40,932 : INFO : ConfigProcessor : Loading config from cache: C:\Users\carr-\AppData\Local\Temp\668dbdbfcbfe997663fcbdfe0871c0b4.mpf_cache
2025-12-01 20:17:40,932 : WARNING : ConfigProcessor : Config file in cache changed: C:\Users\carr-\Documents\development\diehard-mpf\modes\mystery\config\mystery.yaml
2025-12-01 20:17:40,932 : INFO : ConfigProcessor : Loading config from file C:\Users\carr-\Documents\development\diehard-mpf\modes\mystery\config\mystery.yaml.
2025-12-01 20:17:40,946 : INFO : ConfigProcessor : Loading config: C:\Users\carr-\Documents\development\diehard-mpf\modes\mystery\config\mystery.yaml
2025-12-01 20:17:40,947 : INFO : ConfigProcessor : Config file cache created: C:\Users\carr-\AppData\Local\Temp\9f94008f2458f1d20e2cc19a054f750f.mpf_cache
2025-12-01 20:17:40,948 : INFO : ConfigProcessor : Loading config from cache: C:\Users\carr-\AppData\Local\Temp\6a4847c7210b75a304ae3e1d0e125b6a.mpf_cache
2025-12-01 20:17:40,950 : INFO : ConfigProcessor : Loading config from cache: C:\Users\carr-\AppData\Local\Temp\5bdb9da15c9005c4036d70c7ddf4c03f.mpf_cache
2025-12-01 20:17:40,950 : INFO : ConfigProcessor : Loading config from cache: C:\Users\carr-\AppData\Local\Temp\4ef2cae97e908c683695ed521c4a6650.mpf_cache
2025-12-01 20:17:40,951 : INFO : ConfigProcessor : Loading config from cache: C:\Users\carr-\AppData\Local\Temp\3fafba5daebe73845f095f892a673873.mpf_cache
2025-12-01 20:17:40,951 : INFO : ConfigProcessor : Loading config from cache: C:\Users\carr-\AppData\Local\Temp\c01a61b73c292b8700a32cafeda2e6a0.mpf_cache
2025-12-01 20:17:40,952 : INFO : ConfigProcessor : Loading config from cache: C:\Users\carr-\AppData\Local\Temp\3675271a3c90b9f1f0f947db698ba341.mpf_cache
2025-12-01 20:17:40,953 : INFO : Machine : Mission Pinball Framework Core Engine v0.80.0.dev6
2025-12-01 20:17:40,953 : INFO : Machine : Command line arguments: {'no_load_cache': False, 'create_config_cache': True, 'bcp': True, 'configfile': ['config.yaml'], 'force_assets_load': False, 'platform_integration_test': False, 'jsonlogging': False, 'logfile': 'logs\\2025-12-01-20-17-40-mpf-LAPTOP-99TN7EPH.log', 'pause': False, 'production': False, 'text_ui': False, 'loglevel': 15, 'consoleloglevel': 10, 'force_platform': 'smart_virtual', 'syslog_address': None, 'full_logfile_path': 'C:\\Users\\carr-\\Documents\\development\\diehard-mpf\\logs\\2025-12-01-20-17-40-mpf-LAPTOP-99TN7EPH.log'}
2025-12-01 20:17:40,953 : INFO : Machine : MPF path: C:\Users\carr-\Documents\development\mpf080\mpf
2025-12-01 20:17:40,953 : INFO : Machine : Machine path: C:\Users\carr-\Documents\development\diehard-mpf
2025-12-01 20:17:40,953 : INFO : Machine : Platform: win32
2025-12-01 20:17:40,953 : INFO : Machine : Python executable location: C:\Users\carr-\Documents\development\mpf080\mpfenv\Scripts\python.exe
2025-12-01 20:17:40,953 : INFO : Machine : Python version: 3.9.13 (64-bit)
2025-12-01 20:17:40,955 : INFO : Machine : Initializing MPF...
2025-12-01 20:17:41,018 : INFO : EventManager : Event: ======'machine_var_credits_string'====== Args={'value': 'FREE PLAY', 'prev_value': None, 'change': True}
2025-12-01 20:17:41,036 : INFO : EventManager : Event: ======'machine_var_fast_audio_headphones_volume'====== Args={'value': 10, 'prev_value': None, 'change': True}
2025-12-01 20:17:41,036 : INFO : EventManager : Event: ======'machine_var_fast_audio_main_volume'====== Args={'value': 60, 'prev_value': None, 'change': True}
2025-12-01 20:17:41,036 : INFO : EventManager : Event: ======'machine_var_master_volume'====== Args={'value': 0.5, 'prev_value': None, 'change': True}
2025-12-01 20:17:41,036 : INFO : EventManager : Event: ======'machine_var_player1_score'====== Args={'value': 17120, 'prev_value': None, 'change': True}
2025-12-01 20:17:41,036 : INFO : EventManager : Event: ======'machine_var_var_which_attract'====== Args={'value': 0, 'prev_value': None, 'change': True}
2025-12-01 20:17:41,037 : INFO : EventManager : Event: ======'machine_var_mpf_version'====== Args={'value': 'Mission Pinball Framework v0.80.0.dev6', 'prev_value': None, 'change': True}
2025-12-01 20:17:41,037 : INFO : EventManager : Event: ======'machine_var_mpf_extended_version'====== Args={'value': 'Mission Pinball Framework v0.80.0.dev6, Config version:6, Show version: 6, BCP version:1.1', 'prev_value': None, 'change': True}
2025-12-01 20:17:41,037 : INFO : EventManager : Event: ======'machine_var_python_version'====== Args={'value': '3.9.13', 'prev_value': None, 'change': True}
2025-12-01 20:17:41,060 : INFO : EventManager : Event: ======'machine_var_platform'====== Args={'value': 'Windows-10-10.0.26100-SP0', 'prev_value': None, 'change': True}
2025-12-01 20:17:41,060 : INFO : EventManager : Event: ======'machine_var_platform_system'====== Args={'value': 'Windows', 'prev_value': None, 'change': True}
2025-12-01 20:17:41,060 : INFO : EventManager : Event: ======'machine_var_platform_release'====== Args={'value': '10', 'prev_value': None, 'change': True}
2025-12-01 20:17:41,060 : INFO : EventManager : Event: ======'machine_var_platform_version'====== Args={'value': '10.0.26100', 'prev_value': None, 'change': True}
2025-12-01 20:17:41,060 : INFO : EventManager : Event: ======'machine_var_platform_machine'====== Args={'value': 'AMD64', 'prev_value': None, 'change': True}
2025-12-01 20:17:41,060 : INFO : EventManager : Event: ======'machine_var_log_file_path'====== Args={'value': 'C:\\Users\\carr-\\Documents\\development\\diehard-mpf\\logs\\2025-12-01-20-17-40-mpf-LAPTOP-99TN7EPH.log', 'prev_value': None, 'change': True}
2025-12-01 20:17:41,060 : INFO : EventManager : Event: ======'init_phase_1'====== Args={}
2025-12-01 20:17:41,071 : ERROR : asyncio : Exception in callback EventManager._async_handler_done(<QueuedEvent>)(<Task finishe...er.c==1and"')>) at C:\Users\carr-\Documents\development\mpf080\mpf\core\events.py:124
handle: <Handle EventManager._async_handler_done(<QueuedEvent>)(<Task finishe...er.c==1and"')>) at C:\Users\carr-\Documents\development\mpf080\mpf\core\events.py:124>
Traceback (most recent call last):
  File "C:\Users\carr-\Documents\development\mpf080\mpf\core\placeholder_manager.py", line 667, in _parse_template
    return ast.parse(template_str, mode='eval').body
  File "C:\Users\carr-\AppData\Local\Programs\Python\Python39\lib\ast.py", line 50, in parse
    return compile(source, filename, mode, flags,
  File "<unknown>", line 1
    current_player.c==1and
                         ^
SyntaxError: unexpected EOF while parsing

During handling of the above exception, another exception occurred:

Traceback (most recent call last):
  File "C:\Users\carr-\AppData\Local\Programs\Python\Python39\lib\asyncio\events.py", line 80, in _run
    self._context.run(self._callback, *self._args)
  File "C:\Users\carr-\Documents\development\mpf080\mpf\core\events.py", line 127, in _async_handler_done
    future.result()
  File "C:\Users\carr-\Documents\development\mpf080\mpf\core\mode_controller.py", line 119, in load_modes
    self.machine.modes[mode] = self._load_mode(mode)
  File "C:\Users\carr-\Documents\development\mpf080\mpf\core\mode_controller.py", line 168, in _load_mode
    return mode_class(self.machine, config, mode_string, config['mode']['path'], config['mode']['asset_paths'])
  File "C:\Users\carr-\Documents\development\mpf080\mpf\core\mode.py", line 77, in __init__
    self.configure_mode_settings(config.get('mode', dict()))
  File "C:\Users\carr-\Documents\development\mpf080\mpf\core\mode.py", line 126, in configure_mode_settings
    self.machine.events.add_handler(event=event, handler=self.start,
  File "C:\Users\carr-\Documents\development\mpf080\mpf\core\events.py", line 235, in add_handler
    event, condition, additional_priority = self.get_event_and_condition_from_string(event)
  File "C:\Users\carr-\Documents\development\mpf080\mpf\core\events.py", line 90, in get_event_and_condition_from_string
    placeholder = self.machine.placeholder_manager.build_bool_template(event_string[first_bracket_pos + 1:-1])
  File "C:\Users\carr-\Documents\development\mpf080\mpf\core\placeholder_manager.py", line 826, in build_bool_template
    return BoolTemplate(self._parse_template(template_str), template_str, self, default_value)
  File "C:\Users\carr-\Documents\development\mpf080\mpf\core\placeholder_manager.py", line 669, in _parse_template
    raise AssertionError('Failed to parse template "{}"'.format(template_str))
AssertionError: Failed to parse template "current_player.c==1and"
2025-12-01 20:17:41,073 : INFO : Machine : Starting the main run loop with active modes: []
2025-12-01 20:17:41,073 : WARNING : Machine : Attract mode is not active, game will not be playable. Please check your attract mode configuration.
2025-12-01 20:17:41,074 : INFO : Machine : Shutting down...
2025-12-01 20:17:41,074 : INFO : EventManager : Event: ======'shutdown'====== Args={}
2025-12-01 20:17:42,082 : ERROR : Machine : Runtime Exception
Traceback (most recent call last):
  File "C:\Users\carr-\Documents\development\mpf080\mpf\core\placeholder_manager.py", line 667, in _parse_template
    return ast.parse(template_str, mode='eval').body
  File "C:\Users\carr-\AppData\Local\Programs\Python\Python39\lib\ast.py", line 50, in parse
    return compile(source, filename, mode, flags,
  File "<unknown>", line 1
    current_player.c==1and
                         ^
SyntaxError: unexpected EOF while parsing

During handling of the above exception, another exception occurred:

Traceback (most recent call last):
  File "C:\Users\carr-\Documents\development\mpf080\mpf\core\machine.py", line 808, in _run_loop
    raise self._exception['exception']
  File "C:\Users\carr-\AppData\Local\Programs\Python\Python39\lib\asyncio\events.py", line 80, in _run
    self._context.run(self._callback, *self._args)
  File "C:\Users\carr-\Documents\development\mpf080\mpf\core\events.py", line 127, in _async_handler_done
    future.result()
  File "C:\Users\carr-\Documents\development\mpf080\mpf\core\mode_controller.py", line 119, in load_modes
    self.machine.modes[mode] = self._load_mode(mode)
  File "C:\Users\carr-\Documents\development\mpf080\mpf\core\mode_controller.py", line 168, in _load_mode
    return mode_class(self.machine, config, mode_string, config['mode']['path'], config['mode']['asset_paths'])
  File "C:\Users\carr-\Documents\development\mpf080\mpf\core\mode.py", line 77, in __init__
    self.configure_mode_settings(config.get('mode', dict()))
  File "C:\Users\carr-\Documents\development\mpf080\mpf\core\mode.py", line 126, in configure_mode_settings
    self.machine.events.add_handler(event=event, handler=self.start,
  File "C:\Users\carr-\Documents\development\mpf080\mpf\core\events.py", line 235, in add_handler
    event, condition, additional_priority = self.get_event_and_condition_from_string(event)
  File "C:\Users\carr-\Documents\development\mpf080\mpf\core\events.py", line 90, in get_event_and_condition_from_string
    placeholder = self.machine.placeholder_manager.build_bool_template(event_string[first_bracket_pos + 1:-1])
  File "C:\Users\carr-\Documents\development\mpf080\mpf\core\placeholder_manager.py", line 826, in build_bool_template
    return BoolTemplate(self._parse_template(template_str), template_str, self, default_value)
  File "C:\Users\carr-\Documents\development\mpf080\mpf\core\placeholder_manager.py", line 669, in _parse_template
    raise AssertionError('Failed to parse template "{}"'.format(template_str))
AssertionError: Failed to parse template "current_player.c==1and"
2025-12-01 20:17:42,084 : INFO : root : MPF run loop ended.
